ASxxxx Linker V03.00 + NoICE + sdld,  page 1.
Hexadecimal  [32-Bits]

Area                                    Addr        Size        Decimal Bytes (Attributes)
--------------------------------        ----        ----        ------- ----- ------------
.  .ABS.                            00000000    00000000 =           0. bytes (ABS,CON)

      Value  Global                              Global Defined In Module
      -----  --------------------------------   ------------------------
     00000000  .__.ABS.                           _mullong
     00000000  l__BSEG                         
     00000000  l__BSS                          
     00000000  l__CABS                         
     00000000  l__DABS                         
     00000000  l__HEADER                       
     00000000  l__HEAP                         
     00000000  s__CABS                         
     00000000  s__CABS0                        
     00000000  s__CABS1                        
     00000000  s__CABS2                        
     00000000  s__CABS3                        
     00000000  s__CABS4                        
     00000000  s__DABS                         
     00000000  s__HEADER                       
     00000000  s__HEADER0                      
     00000000  s__HEADER1                      
     00000000  s__HEADER2                      
     00000000  s__HEADER3                      
     00000000  s__HEADER4                      
     00000001  l__GSFINAL                      
     00000008  l__HEADER0                      
     00000009  l__HEADER1                      
     0000000F  l__GSINIT                       
     0000000F  l__INITIALIZED                  
     0000000F  l__INITIALIZER                  
     00000010  l__CABS0                        
     00000010  l__CABS4                        
     00000016  l__CABS1                        
     0000001D  l__CABS2                        
     0000001F  l__HEADER2                      
     0000002B  l__HEADER3                      
     00000034  l__CABS3                        
     00000104  l__HEADER4                      
     000001F5  l__HOME                         
     00000200  s__CODE                         
     0000092F  l__DATA                         
     000060C0  l__CODE                         
     000062C0  s__HOME                         
     000064B5  s__INITIALIZER                  
     000064C4  s__GSINIT                       
     000064D3  s__GSFINAL                      
     00008000  _SMS_SRAM                          SMSlib_VRAMmemcpy
     0000C000  s__DATA                         
     0000C92F  s__INITIALIZED                  
     0000C93E  s__BSEG                         
     0000C93E  s__BSS                          
     0000C93E  s__HEAP                         
     0000FFFC  _SRAM_bank_to_be_mapped_on_slot2   SMSlib_VRAMmemcpy
     0000FFFD  _ROM_bank_to_be_mapped_on_slot0    SMSlib_VRAMmemcpy
ASxxxx Linker V03.00 + NoICE + sdld,  page 2.
Hexadecimal  [32-Bits]

Area                                    Addr        Size        Decimal Bytes (Attributes)
--------------------------------        ----        ----        ------- ----- ------------
.  .ABS.                            00000000    00000000 =           0. bytes (ABS,CON)

      Value  Global                              Global Defined In Module
      -----  --------------------------------   ------------------------
     0000FFFE  _ROM_bank_to_be_mapped_on_slot1    SMSlib_VRAMmemcpy
     0000FFFF  _ROM_bank_to_be_mapped_on_slot2    SMSlib_VRAMmemcpy

ASxxxx Linker V03.00 + NoICE + sdld,  page 3.
Hexadecimal  [32-Bits]

Area                                    Addr        Size        Decimal Bytes (Attributes)
--------------------------------        ----        ----        ------- ----- ------------
_CODE                               00000200    000060C0 =       24768. bytes (REL,CON)

      Value  Global                              Global Defined In Module
      -----  --------------------------------   ------------------------
     00000200  _font_1bpp                         data
     00000500  _draw_meta_sprite                  actor
     000005B2  _init_actor                        actor
     0000073B  _move_actor                        actor
     000009EC  _draw_actor                        actor
     00000AC6  _wait_frames                       actor
     00000AD1  _clear_sprites                     actor
     00005915  _main                              pocket_platformer
     000059B9  _PSGStop                           PSGlib
     000059E0  _PSGResume                         PSGlib
     00005A2C  _PSGPlay                           PSGlib
     00005A59  _PSGCancelLoop                     PSGlib
     00005A5F  _PSGPlayNoRepeat                   PSGlib
     00005A6E  _PSGGetStatus                      PSGlib
     00005A76  _PSGSilenceChannels                PSGlib
     00005A87  _PSGRestoreVolumes                 PSGlib
     00005B86  _PSGSetMusicVolumeAttenuation      PSGlib
     00005C75  _PSGSFXStop                        PSGlib
     00005D3F  _PSGSFXPlay                        PSGlib
     00005D8C  _PSGSFXCancelLoop                  PSGlib
     00005D92  _PSGSFXGetStatus                   PSGlib
     00005D9A  _PSGSFXPlayLoop                    PSGlib
     00005DBB  _PSGFrame                          PSGlib
     00005ED4  _PSGSFXFrame                       PSGlib
     00005F5A  _SMS_init                          SMSlib
     00005F8C  _VDPReg_init                       SMSlib
     00005F97  _SMS_VDPturnOnFeature              SMSlib
     00005FAC  _SMS_VDPturnOffFeature             SMSlib
     00005FC4  _SMS_setBGScrollX                  SMSlib
     00005FCE  _SMS_setBGScrollY                  SMSlib
     00005FD8  _SMS_setBackdropColor              SMSlib
     00005FE2  _SMS_useFirstHalfTilesforSprites   SMSlib
     00005FF8  _SMS_setSpriteMode                 SMSlib
     00006045  _SMS_setBGPaletteColor             SMSlib
     00006052  _SMS_setSpritePaletteColor         SMSlib
     0000605F  _SMS_loadBGPalette                 SMSlib
     00006073  _SMS_loadSpritePalette             SMSlib
     00006087  _SMS_setColor                      SMSlib
     0000608B  _SMS_waitForVBlank                 SMSlib
     00006098  _SMS_getKeysStatus                 SMSlib
     0000609D  _SMS_getKeysPressed                SMSlib
     000060B2  _SMS_getKeysHeld                   SMSlib
     000060C5  _SMS_getKeysReleased               SMSlib
     000060DE  _SMS_queryPauseRequested           SMSlib
     000060E2  _SMS_resetPauseRequest             SMSlib
     000060E8  _SMS_setFrameInterruptHandler      SMSlib
     000060EC  _SMS_setLineInterruptHandler       SMSlib
     000060F0  _SMS_setLineCounter                SMSlib
     000060FA  _SMS_getVCount                     SMSlib
     00006104  _SMS_isr                           SMSlib
ASxxxx Linker V03.00 + NoICE + sdld,  page 4.
Hexadecimal  [32-Bits]

Area                                    Addr        Size        Decimal Bytes (Attributes)
--------------------------------        ----        ----        ------- ----- ------------
_CODE                               00000200    000060C0 =       24768. bytes (REL,CON)

      Value  Global                              Global Defined In Module
      -----  --------------------------------   ------------------------
     00006143  _SMS_nmi_isr                       SMSlib
     0000614C  _SMS_load1bppTiles                 SMSlib_load1bppTiles
     000061AE  _SMS_VRAMmemset_f                  SMSlib_VRAMmemset
     000061CA  _SMS_VRAMmemsetW                   SMSlib_VRAMmemset
     000061DD  _SMS_zeroBGPalette                 SMSlib_paletteZero
     000061F1  _SMS_zeroSpritePalette             SMSlib_paletteZero
     00006205  _SMS_configureTextRenderer         SMSlib_textrenderer
     00006209  _putchar                           SMSlib_textrenderer
     00006211  _SMS_initSprites                   SMSlib_sprite
     00006217  _SMS_addSprite_f                   SMSlib_sprite
     00006242  _SMS_copySpritestoSAT              SMSlib_sprite
     00006276  __mulint                           
     00006278  __mul16                            
     0000628D  _SMS_putchar                       SMSlib_string
     00006297  _SMS_print                         SMSlib_string
     000062A7  ___sdcc_call_hl                    
     000062A8  _SMS_finalizeSprites               SMSlib_deprecated
     000062A9  _SMS_VRAMmemcpy                    SMSlib_VRAMmemcpy

ASxxxx Linker V03.00 + NoICE + sdld,  page 5.
Hexadecimal  [32-Bits]

Area                                    Addr        Size        Decimal Bytes (Attributes)
--------------------------------        ----        ----        ------- ----- ------------
_HEADER0                            00000000    00000008 =           8. bytes (ABS,CON)

      Value  Global                              Global Defined In Module
      -----  --------------------------------   ------------------------
ASxxxx Linker V03.00 + NoICE + sdld,  page 6.
Hexadecimal  [32-Bits]

Area                                    Addr        Size        Decimal Bytes (Attributes)
--------------------------------        ----        ----        ------- ----- ------------
_HEADER1                            00000000    00000009 =           9. bytes (ABS,CON)

      Value  Global                              Global Defined In Module
      -----  --------------------------------   ------------------------
     00000008  _SMS_crt0_RST08                    crt0

ASxxxx Linker V03.00 + NoICE + sdld,  page 7.
Hexadecimal  [32-Bits]

Area                                    Addr        Size        Decimal Bytes (Attributes)
--------------------------------        ----        ----        ------- ----- ------------
_HEADER2                            00000000    0000001F =          31. bytes (ABS,CON)

      Value  Global                              Global Defined In Module
      -----  --------------------------------   ------------------------
     00000018  _SMS_crt0_RST18                    crt0
     0000002F  get_bank                           crt0
     00000033  set_bank                           crt0
ASxxxx Linker V03.00 + NoICE + sdld,  page 8.
Hexadecimal  [32-Bits]

Area                                    Addr        Size        Decimal Bytes (Attributes)
--------------------------------        ----        ----        ------- ----- ------------
_HEADER3                            00000000    0000002B =          43. bytes (ABS,CON)

      Value  Global                              Global Defined In Module
      -----  --------------------------------   ------------------------
ASxxxx Linker V03.00 + NoICE + sdld,  page 9.
Hexadecimal  [32-Bits]

Area                                    Addr        Size        Decimal Bytes (Attributes)
--------------------------------        ----        ----        ------- ----- ------------
_HEADER4                            00000000    00000104 =         260. bytes (ABS,CON)

      Value  Global                              Global Defined In Module
      -----  --------------------------------   ------------------------
     00000069  _OUTI128                           crt0
     000000A9  _OUTI96                            crt0
     000000E9  _OUTI64                            crt0
     00000129  _OUTI32                            crt0
     00000169  _outi_block                        crt0

ASxxxx Linker V03.00 + NoICE + sdld,  page 10.
Hexadecimal  [32-Bits]

Area                                    Addr        Size        Decimal Bytes (Attributes)
--------------------------------        ----        ----        ------- ----- ------------
_HOME                               000062C0    000001F5 =         501. bytes (REL,CON)

      Value  Global                              Global Defined In Module
      -----  --------------------------------   ------------------------
     000062C0  __divslong                         _divslong
     00006350  __divulong                         _divulong
     000063CA  __mullong                          _mullong
ASxxxx Linker V03.00 + NoICE + sdld,  page 11.
Hexadecimal  [32-Bits]

Area                                    Addr        Size        Decimal Bytes (Attributes)
--------------------------------        ----        ----        ------- ----- ------------
_INITIALIZER                        000064B5    0000000F =          15. bytes (REL,CON)

      Value  Global                              Global Defined In Module
      -----  --------------------------------   ------------------------
ASxxxx Linker V03.00 + NoICE + sdld,  page 12.
Hexadecimal  [32-Bits]

Area                                    Addr        Size        Decimal Bytes (Attributes)
--------------------------------        ----        ----        ------- ----- ------------
_GSINIT                             000064C4    0000000F =          15. bytes (REL,CON)

      Value  Global                              Global Defined In Module
      -----  --------------------------------   ------------------------
     000064C4  crt0_gsinit                        crt0

ASxxxx Linker V03.00 + NoICE + sdld,  page 13.
Hexadecimal  [32-Bits]

Area                                    Addr        Size        Decimal Bytes (Attributes)
--------------------------------        ----        ----        ------- ----- ------------
_GSFINAL                            000064D3    00000001 =           1. bytes (REL,CON)

      Value  Global                              Global Defined In Module
      -----  --------------------------------   ------------------------
ASxxxx Linker V03.00 + NoICE + sdld,  page 14.
Hexadecimal  [32-Bits]

Area                                    Addr        Size        Decimal Bytes (Attributes)
--------------------------------        ----        ----        ------- ----- ------------
_DATA                               0000C000    0000092F =        2351. bytes (REL,CON)

      Value  Global                              Global Defined In Module
      -----  --------------------------------   ------------------------
     0000C83B  _PSGMusicStatus                    PSGlib
     0000C83C  _PSGMusicStart                     PSGlib
     0000C83E  _PSGMusicPointer                   PSGlib
     0000C840  _PSGMusicLoopPoint                 PSGlib
     0000C842  _PSGMusicSkipFrames                PSGlib
     0000C843  _PSGLoopFlag                       PSGlib
     0000C844  _PSGMusicLastLatch                 PSGlib
     0000C845  _PSGMusicVolumeAttenuation         PSGlib
     0000C846  _PSGMusicSubstringLen              PSGlib
     0000C847  _PSGMusicSubstringRetAddr          PSGlib
     0000C849  _PSGChan0Volume                    PSGlib
     0000C84A  _PSGChan1Volume                    PSGlib
     0000C84B  _PSGChan2Volume                    PSGlib
     0000C84C  _PSGChan3Volume                    PSGlib
     0000C84D  _PSGChan2LowTone                   PSGlib
     0000C84E  _PSGChan2HighTone                  PSGlib
     0000C84F  _PSGChan3LowTone                   PSGlib
     0000C850  _PSGChannel2SFX                    PSGlib
     0000C851  _PSGChannel3SFX                    PSGlib
     0000C852  _PSGSFXChan2Volume                 PSGlib
     0000C853  _PSGSFXChan3Volume                 PSGlib
     0000C854  _PSGSFXStatus                      PSGlib
     0000C855  _PSGSFXStart                       PSGlib
     0000C857  _PSGSFXPointer                     PSGlib
     0000C859  _PSGSFXLoopPoint                   PSGlib
     0000C85B  _PSGSFXSkipFrames                  PSGlib
     0000C85C  _PSGSFXLoopFlag                    PSGlib
     0000C85D  _PSGSFXSubstringLen                PSGlib
     0000C85E  _PSGSFXSubstringRetAddr            PSGlib
     0000C860  _VDPBlank                          SMSlib
     0000C861  _SMS_VDPFlags                      SMSlib
     0000C862  _PauseRequested                    SMSlib
     0000C863  _SMS_Port3EBIOSvalue               SMSlib
     0000C864  _SMS_theFrameInterruptHandler      SMSlib
     0000C866  _KeysStatus                        SMSlib
     0000C868  _PreviousKeysStatus                SMSlib
     0000C86A  _SMS_theLineInterruptHandler       SMSlib
     0000C86C  _SMS_TextRenderer_offset           SMSlib_textrenderer
     0000C86E  _SpriteTableY                      SMSlib_sprite
     0000C8AE  _SpriteTableXN                     SMSlib_sprite
     0000C92E  _SpriteNextFree                    SMSlib_sprite

ASxxxx Linker V03.00 + NoICE + sdld,  page 15.
Hexadecimal  [32-Bits]

Area                                    Addr        Size        Decimal Bytes (Attributes)
--------------------------------        ----        ----        ------- ----- ------------
_INITIALIZED                        0000C92F    0000000F =          15. bytes (REL,CON)

      Value  Global                              Global Defined In Module
      -----  --------------------------------   ------------------------
     0000C92F  _font_1bpp_size                    data
     0000C939  _VDPReg                            SMSlib
     0000C93B  _spritesHeight                     SMSlib
     0000C93C  _spritesWidth                      SMSlib
     0000C93D  _spritesTileOffset                 SMSlib

ASxxxx Linker V03.00 + NoICE + sdld,  page 16.
Hexadecimal  [32-Bits]

Area                                    Addr        Size        Decimal Bytes (Attributes)
--------------------------------        ----        ----        ------- ----- ------------
_CABS0                              00000000    00000010 =          16. bytes (ABS,CON)

      Value  Global                              Global Defined In Module
      -----  --------------------------------   ------------------------
     00007FF0  ___SMS__SEGA_signature             pocket_platformer

ASxxxx Linker V03.00 + NoICE + sdld,  page 17.
Hexadecimal  [32-Bits]

Area                                    Addr        Size        Decimal Bytes (Attributes)
--------------------------------        ----        ----        ------- ----- ------------
_CABS1                              00000000    00000016 =          22. bytes (ABS,CON)

      Value  Global                              Global Defined In Module
      -----  --------------------------------   ------------------------
     00007FCA  ___SMS__SDSC_author                pocket_platformer

ASxxxx Linker V03.00 + NoICE + sdld,  page 18.
Hexadecimal  [32-Bits]

Area                                    Addr        Size        Decimal Bytes (Attributes)
--------------------------------        ----        ----        ------- ----- ------------
_CABS2                              00000000    0000001D =          29. bytes (ABS,CON)

      Value  Global                              Global Defined In Module
      -----  --------------------------------   ------------------------
     00007FAD  ___SMS__SDSC_name                  pocket_platformer

ASxxxx Linker V03.00 + NoICE + sdld,  page 19.
Hexadecimal  [32-Bits]

Area                                    Addr        Size        Decimal Bytes (Attributes)
--------------------------------        ----        ----        ------- ----- ------------
_CABS3                              00000000    00000034 =          52. bytes (ABS,CON)

      Value  Global                              Global Defined In Module
      -----  --------------------------------   ------------------------
     00007F79  ___SMS__SDSC_descr                 pocket_platformer

ASxxxx Linker V03.00 + NoICE + sdld,  page 20.
Hexadecimal  [32-Bits]

Area                                    Addr        Size        Decimal Bytes (Attributes)
--------------------------------        ----        ----        ------- ----- ------------
_CABS4                              00000000    00000010 =          16. bytes (ABS,CON)

      Value  Global                              Global Defined In Module
      -----  --------------------------------   ------------------------
     00007FE0  ___SMS__SDSC_signature             pocket_platformer

ASxxxx Linker V03.00 + NoICE + sdld,  page 21.

Files Linked                              [ module(s) ]

lib/crt0_sms.rel                          [ crt0 ]
data.rel                                  [ data ]
actor.rel                                 [ actor ]
pocket_platformer.rel                     [ pocket_platformer ]
lib/PSGlib.rel                            [ PSGlib ]


Libraries Linked                          [ object file ]

lib/SMSlib.lib                            [ SMSlib.rel ]
lib/SMSlib.lib                            [ SMSlib_load1bppTiles.rel ]
lib/SMSlib.lib                            [ SMSlib_VRAMmemset.rel ]
lib/SMSlib.lib                            [ SMSlib_paletteZero.rel ]
lib/SMSlib.lib                            [ SMSlib_textrenderer.rel ]
lib/SMSlib.lib                            [ SMSlib_sprite.rel ]
/usr/bin/../share/sdcc/lib/z80/z80.lib    [ mul.rel ]
lib/SMSlib.lib                            [ SMSlib_string.rel ]
/usr/bin/../share/sdcc/lib/z80/z80.lib    [ _divslong.rel ]
/usr/bin/../share/sdcc/lib/z80/z80.lib    [ _divulong.rel ]
/usr/bin/../share/sdcc/lib/z80/z80.lib    [ __sdcc_call_hl.rel ]
lib/SMSlib.lib                            [ SMSlib_deprecated.rel ]
lib/SMSlib.lib                            [ SMSlib_VRAMmemcpy.rel ]
/usr/bin/../share/sdcc/lib/z80/z80.lib    [ _mullong.rel ]

ASxxxx Linker V03.00 + NoICE + sdld,  page 22.

User Base Address Definitions

_CODE = 0x0200
_DATA = 0xc000

