ASxxxx Linker V03.00 + NoICE + sdld,  page 1.
Hexadecimal  [32-Bits]

Area                                    Addr        Size        Decimal Bytes (Attributes)
--------------------------------        ----        ----        ------- ----- ------------
.  .ABS.                            00000000    00000000 =           0. bytes (ABS,CON)

      Value  Global                              Global Defined In Module
      -----  --------------------------------   ------------------------
     00000000  .__.ABS.                           
     00000000  l__BSEG                         
     00000000  l__BSS                          
     00000000  l__CABS                         
     00000000  l__DABS                         
     00000000  l__HEADER                       
     00000000  l__HEAP                         
     00000000  s__CABS                         
     00000000  s__CABS0                        
     00000000  s__CABS1                        
     00000000  s__CABS2                        
     00000000  s__CABS3                        
     00000000  s__CABS4                        
     00000000  s__DABS                         
     00000000  s__HEADER                       
     00000000  s__HEADER0                      
     00000000  s__HEADER1                      
     00000000  s__HEADER2                      
     00000000  s__HEADER3                      
     00000000  s__HEADER4                      
     00000001  l__GSFINAL                      
     00000008  l__HEADER0                      
     00000009  l__HEADER1                      
     0000000F  l__GSINIT                       
     0000000F  l__INITIALIZED                  
     0000000F  l__INITIALIZER                  
     00000010  l__CABS0                        
     00000010  l__CABS4                        
     00000016  l__CABS1                        
     0000001D  l__CABS2                        
     0000001F  l__HEADER2                      
     0000002B  l__HEADER3                      
     00000034  l__CABS3                        
     00000104  l__HEADER4                      
     000001F5  l__HOME                         
     00000200  s__CODE                         
     00000970  l__DATA                         
     00006A97  l__CODE                         
     00006C97  s__HOME                         
     00006E8C  s__INITIALIZER                  
     00006E9B  s__GSINIT                       
     00006EAA  s__GSFINAL                      
     00008000  _SMS_SRAM                          SMSlib_VRAMmemcpy
     0000C000  s__DATA                         
     0000C970  s__INITIALIZED                  
     0000C97F  s__BSEG                         
     0000C97F  s__BSS                          
     0000C97F  s__HEAP                         
     0000FFFC  _SRAM_bank_to_be_mapped_on_slot2   SMSlib_VRAMmemcpy
     0000FFFD  _ROM_bank_to_be_mapped_on_slot0    SMSlib_VRAMmemcpy
ASxxxx Linker V03.00 + NoICE + sdld,  page 2.
Hexadecimal  [32-Bits]

Area                                    Addr        Size        Decimal Bytes (Attributes)
--------------------------------        ----        ----        ------- ----- ------------
.  .ABS.                            00000000    00000000 =           0. bytes (ABS,CON)

      Value  Global                              Global Defined In Module
      -----  --------------------------------   ------------------------
     0000FFFE  _ROM_bank_to_be_mapped_on_slot1    SMSlib_VRAMmemcpy
     0000FFFF  _ROM_bank_to_be_mapped_on_slot2    SMSlib_VRAMmemcpy

ASxxxx Linker V03.00 + NoICE + sdld,  page 3.
Hexadecimal  [32-Bits]

Area                                    Addr        Size        Decimal Bytes (Attributes)
--------------------------------        ----        ----        ------- ----- ------------
_CODE                               00000200    00006A97 =       27287. bytes (REL,CON)

      Value  Global                              Global Defined In Module
      -----  --------------------------------   ------------------------
     00000200  _font_1bpp                         data
     00000500  _draw_meta_sprite                  actor
     000005B2  _init_actor                        actor
     0000073B  _move_actor                        actor
     000009EC  _draw_actor                        actor
     00000AC6  _wait_frames                       actor
     00000AD1  _clear_sprites                     actor
     00006272  _main                              pocket_platformer
     00006316  _PSGStop                           PSGlib
     0000633D  _PSGResume                         PSGlib
     00006389  _PSGPlay                           PSGlib
     000063B6  _PSGCancelLoop                     PSGlib
     000063BC  _PSGPlayNoRepeat                   PSGlib
     000063CB  _PSGGetStatus                      PSGlib
     000063D3  _PSGSilenceChannels                PSGlib
     000063E4  _PSGRestoreVolumes                 PSGlib
     000064E3  _PSGSetMusicVolumeAttenuation      PSGlib
     000065D2  _PSGSFXStop                        PSGlib
     0000669C  _PSGSFXPlay                        PSGlib
     000066E9  _PSGSFXCancelLoop                  PSGlib
     000066EF  _PSGSFXGetStatus                   PSGlib
     000066F7  _PSGSFXPlayLoop                    PSGlib
     00006718  _PSGFrame                          PSGlib
     00006831  _PSGSFXFrame                       PSGlib
     000068B7  _SMS_init                          SMSlib
     000068E9  _VDPReg_init                       SMSlib
     000068F4  _SMS_VDPturnOnFeature              SMSlib
     00006909  _SMS_VDPturnOffFeature             SMSlib
     00006921  _SMS_setBGScrollX                  SMSlib
     0000692B  _SMS_setBGScrollY                  SMSlib
     00006935  _SMS_setBackdropColor              SMSlib
     0000693F  _SMS_useFirstHalfTilesforSprites   SMSlib
     00006955  _SMS_setSpriteMode                 SMSlib
     000069A2  _SMS_setBGPaletteColor             SMSlib
     000069AF  _SMS_setSpritePaletteColor         SMSlib
     000069BC  _SMS_loadBGPalette                 SMSlib
     000069D0  _SMS_loadSpritePalette             SMSlib
     000069E4  _SMS_setColor                      SMSlib
     000069E8  _SMS_waitForVBlank                 SMSlib
     000069F5  _SMS_getKeysStatus                 SMSlib
     000069FA  _SMS_getKeysPressed                SMSlib
     00006A0F  _SMS_getKeysHeld                   SMSlib
     00006A22  _SMS_getKeysReleased               SMSlib
     00006A3B  _SMS_queryPauseRequested           SMSlib
     00006A3F  _SMS_resetPauseRequest             SMSlib
     00006A45  _SMS_setFrameInterruptHandler      SMSlib
     00006A49  _SMS_setLineInterruptHandler       SMSlib
     00006A4D  _SMS_setLineCounter                SMSlib
     00006A57  _SMS_getVCount                     SMSlib
     00006A61  _SMS_isr                           SMSlib
ASxxxx Linker V03.00 + NoICE + sdld,  page 4.
Hexadecimal  [32-Bits]

Area                                    Addr        Size        Decimal Bytes (Attributes)
--------------------------------        ----        ----        ------- ----- ------------
_CODE                               00000200    00006A97 =       27287. bytes (REL,CON)

      Value  Global                              Global Defined In Module
      -----  --------------------------------   ------------------------
     00006AA0  _SMS_nmi_isr                       SMSlib
     00006AA9  _SMS_load1bppTiles                 SMSlib_load1bppTiles
     00006B0B  _SMS_VRAMmemset_f                  SMSlib_VRAMmemset
     00006B27  _SMS_VRAMmemsetW                   SMSlib_VRAMmemset
     00006B3A  _SMS_zeroBGPalette                 SMSlib_paletteZero
     00006B4E  _SMS_zeroSpritePalette             SMSlib_paletteZero
     00006B62  _SMS_configureTextRenderer         SMSlib_textrenderer
     00006B66  _putchar                           SMSlib_textrenderer
     00006B6E  _SMS_initSprites                   SMSlib_sprite
     00006B74  _SMS_addSprite_f                   SMSlib_sprite
     00006B9F  _SMS_copySpritestoSAT              SMSlib_sprite
     00006BD3  __mulint                           
     00006BD5  __mul16                            
     00006BEA  _SMS_putchar                       SMSlib_string
     00006BF4  _SMS_print                         SMSlib_string
     00006C04  ___sdcc_call_hl                    
     00006C05  _SMS_finalizeSprites               SMSlib_deprecated
     00006C06  _SMS_VRAMmemcpy                    SMSlib_VRAMmemcpy
     00006C1D  __moduchar                         
     00006C24  __moduint                          
     00006C29  __divschar                         
     00006C2B  __div8                             
     00006C2F  __div_signexte                     
     00006C33  __div16                            
     00006C33  __divsint                          
     00006C59  __get_remainder                    
     00006C63  __divuchar                         
     00006C65  __divu8                            
     00006C68  __divu16                           
     00006C68  __divuint                          

ASxxxx Linker V03.00 + NoICE + sdld,  page 5.
Hexadecimal  [32-Bits]

Area                                    Addr        Size        Decimal Bytes (Attributes)
--------------------------------        ----        ----        ------- ----- ------------
_HEADER0                            00000000    00000008 =           8. bytes (ABS,CON)

      Value  Global                              Global Defined In Module
      -----  --------------------------------   ------------------------
ASxxxx Linker V03.00 + NoICE + sdld,  page 6.
Hexadecimal  [32-Bits]

Area                                    Addr        Size        Decimal Bytes (Attributes)
--------------------------------        ----        ----        ------- ----- ------------
_HEADER1                            00000000    00000009 =           9. bytes (ABS,CON)

      Value  Global                              Global Defined In Module
      -----  --------------------------------   ------------------------
     00000008  _SMS_crt0_RST08                    crt0

ASxxxx Linker V03.00 + NoICE + sdld,  page 7.
Hexadecimal  [32-Bits]

Area                                    Addr        Size        Decimal Bytes (Attributes)
--------------------------------        ----        ----        ------- ----- ------------
_HEADER2                            00000000    0000001F =          31. bytes (ABS,CON)

      Value  Global                              Global Defined In Module
      -----  --------------------------------   ------------------------
     00000018  _SMS_crt0_RST18                    crt0
     0000002F  get_bank                           crt0
     00000033  set_bank                           crt0
ASxxxx Linker V03.00 + NoICE + sdld,  page 8.
Hexadecimal  [32-Bits]

Area                                    Addr        Size        Decimal Bytes (Attributes)
--------------------------------        ----        ----        ------- ----- ------------
_HEADER3                            00000000    0000002B =          43. bytes (ABS,CON)

      Value  Global                              Global Defined In Module
      -----  --------------------------------   ------------------------
ASxxxx Linker V03.00 + NoICE + sdld,  page 9.
Hexadecimal  [32-Bits]

Area                                    Addr        Size        Decimal Bytes (Attributes)
--------------------------------        ----        ----        ------- ----- ------------
_HEADER4                            00000000    00000104 =         260. bytes (ABS,CON)

      Value  Global                              Global Defined In Module
      -----  --------------------------------   ------------------------
     00000069  _OUTI128                           crt0
     000000A9  _OUTI96                            crt0
     000000E9  _OUTI64                            crt0
     00000129  _OUTI32                            crt0
     00000169  _outi_block                        crt0

ASxxxx Linker V03.00 + NoICE + sdld,  page 10.
Hexadecimal  [32-Bits]

Area                                    Addr        Size        Decimal Bytes (Attributes)
--------------------------------        ----        ----        ------- ----- ------------
_HOME                               00006C97    000001F5 =         501. bytes (REL,CON)

      Value  Global                              Global Defined In Module
      -----  --------------------------------   ------------------------
     00006C97  __divslong                         _divslong
     00006D27  __divulong                         _divulong
     00006DA1  __mullong                          _mullong
ASxxxx Linker V03.00 + NoICE + sdld,  page 11.
Hexadecimal  [32-Bits]

Area                                    Addr        Size        Decimal Bytes (Attributes)
--------------------------------        ----        ----        ------- ----- ------------
_INITIALIZER                        00006E8C    0000000F =          15. bytes (REL,CON)

      Value  Global                              Global Defined In Module
      -----  --------------------------------   ------------------------
ASxxxx Linker V03.00 + NoICE + sdld,  page 12.
Hexadecimal  [32-Bits]

Area                                    Addr        Size        Decimal Bytes (Attributes)
--------------------------------        ----        ----        ------- ----- ------------
_GSINIT                             00006E9B    0000000F =          15. bytes (REL,CON)

      Value  Global                              Global Defined In Module
      -----  --------------------------------   ------------------------
     00006E9B  crt0_gsinit                        crt0

ASxxxx Linker V03.00 + NoICE + sdld,  page 13.
Hexadecimal  [32-Bits]

Area                                    Addr        Size        Decimal Bytes (Attributes)
--------------------------------        ----        ----        ------- ----- ------------
_GSFINAL                            00006EAA    00000001 =           1. bytes (REL,CON)

      Value  Global                              Global Defined In Module
      -----  --------------------------------   ------------------------
ASxxxx Linker V03.00 + NoICE + sdld,  page 14.
Hexadecimal  [32-Bits]

Area                                    Addr        Size        Decimal Bytes (Attributes)
--------------------------------        ----        ----        ------- ----- ------------
_DATA                               0000C000    00000970 =        2416. bytes (REL,CON)

      Value  Global                              Global Defined In Module
      -----  --------------------------------   ------------------------
     0000C87C  _PSGMusicStatus                    PSGlib
     0000C87D  _PSGMusicStart                     PSGlib
     0000C87F  _PSGMusicPointer                   PSGlib
     0000C881  _PSGMusicLoopPoint                 PSGlib
     0000C883  _PSGMusicSkipFrames                PSGlib
     0000C884  _PSGLoopFlag                       PSGlib
     0000C885  _PSGMusicLastLatch                 PSGlib
     0000C886  _PSGMusicVolumeAttenuation         PSGlib
     0000C887  _PSGMusicSubstringLen              PSGlib
     0000C888  _PSGMusicSubstringRetAddr          PSGlib
     0000C88A  _PSGChan0Volume                    PSGlib
     0000C88B  _PSGChan1Volume                    PSGlib
     0000C88C  _PSGChan2Volume                    PSGlib
     0000C88D  _PSGChan3Volume                    PSGlib
     0000C88E  _PSGChan2LowTone                   PSGlib
     0000C88F  _PSGChan2HighTone                  PSGlib
     0000C890  _PSGChan3LowTone                   PSGlib
     0000C891  _PSGChannel2SFX                    PSGlib
     0000C892  _PSGChannel3SFX                    PSGlib
     0000C893  _PSGSFXChan2Volume                 PSGlib
     0000C894  _PSGSFXChan3Volume                 PSGlib
     0000C895  _PSGSFXStatus                      PSGlib
     0000C896  _PSGSFXStart                       PSGlib
     0000C898  _PSGSFXPointer                     PSGlib
     0000C89A  _PSGSFXLoopPoint                   PSGlib
     0000C89C  _PSGSFXSkipFrames                  PSGlib
     0000C89D  _PSGSFXLoopFlag                    PSGlib
     0000C89E  _PSGSFXSubstringLen                PSGlib
     0000C89F  _PSGSFXSubstringRetAddr            PSGlib
     0000C8A1  _VDPBlank                          SMSlib
     0000C8A2  _SMS_VDPFlags                      SMSlib
     0000C8A3  _PauseRequested                    SMSlib
     0000C8A4  _SMS_Port3EBIOSvalue               SMSlib
     0000C8A5  _SMS_theFrameInterruptHandler      SMSlib
     0000C8A7  _KeysStatus                        SMSlib
     0000C8A9  _PreviousKeysStatus                SMSlib
     0000C8AB  _SMS_theLineInterruptHandler       SMSlib
     0000C8AD  _SMS_TextRenderer_offset           SMSlib_textrenderer
     0000C8AF  _SpriteTableY                      SMSlib_sprite
     0000C8EF  _SpriteTableXN                     SMSlib_sprite
     0000C96F  _SpriteNextFree                    SMSlib_sprite

ASxxxx Linker V03.00 + NoICE + sdld,  page 15.
Hexadecimal  [32-Bits]

Area                                    Addr        Size        Decimal Bytes (Attributes)
--------------------------------        ----        ----        ------- ----- ------------
_INITIALIZED                        0000C970    0000000F =          15. bytes (REL,CON)

      Value  Global                              Global Defined In Module
      -----  --------------------------------   ------------------------
     0000C970  _font_1bpp_size                    data
     0000C97A  _VDPReg                            SMSlib
     0000C97C  _spritesHeight                     SMSlib
     0000C97D  _spritesWidth                      SMSlib
     0000C97E  _spritesTileOffset                 SMSlib

ASxxxx Linker V03.00 + NoICE + sdld,  page 16.
Hexadecimal  [32-Bits]

Area                                    Addr        Size        Decimal Bytes (Attributes)
--------------------------------        ----        ----        ------- ----- ------------
_CABS0                              00000000    00000010 =          16. bytes (ABS,CON)

      Value  Global                              Global Defined In Module
      -----  --------------------------------   ------------------------
     00007FF0  ___SMS__SEGA_signature             pocket_platformer

ASxxxx Linker V03.00 + NoICE + sdld,  page 17.
Hexadecimal  [32-Bits]

Area                                    Addr        Size        Decimal Bytes (Attributes)
--------------------------------        ----        ----        ------- ----- ------------
_CABS1                              00000000    00000016 =          22. bytes (ABS,CON)

      Value  Global                              Global Defined In Module
      -----  --------------------------------   ------------------------
     00007FCA  ___SMS__SDSC_author                pocket_platformer

ASxxxx Linker V03.00 + NoICE + sdld,  page 18.
Hexadecimal  [32-Bits]

Area                                    Addr        Size        Decimal Bytes (Attributes)
--------------------------------        ----        ----        ------- ----- ------------
_CABS2                              00000000    0000001D =          29. bytes (ABS,CON)

      Value  Global                              Global Defined In Module
      -----  --------------------------------   ------------------------
     00007FAD  ___SMS__SDSC_name                  pocket_platformer

ASxxxx Linker V03.00 + NoICE + sdld,  page 19.
Hexadecimal  [32-Bits]

Area                                    Addr        Size        Decimal Bytes (Attributes)
--------------------------------        ----        ----        ------- ----- ------------
_CABS3                              00000000    00000034 =          52. bytes (ABS,CON)

      Value  Global                              Global Defined In Module
      -----  --------------------------------   ------------------------
     00007F79  ___SMS__SDSC_descr                 pocket_platformer

ASxxxx Linker V03.00 + NoICE + sdld,  page 20.
Hexadecimal  [32-Bits]

Area                                    Addr        Size        Decimal Bytes (Attributes)
--------------------------------        ----        ----        ------- ----- ------------
_CABS4                              00000000    00000010 =          16. bytes (ABS,CON)

      Value  Global                              Global Defined In Module
      -----  --------------------------------   ------------------------
     00007FE0  ___SMS__SDSC_signature             pocket_platformer

ASxxxx Linker V03.00 + NoICE + sdld,  page 21.

Files Linked                              [ module(s) ]

lib/crt0_sms.rel                          [ crt0 ]
data.rel                                  [ data ]
actor.rel                                 [ actor ]
pocket_platformer.rel                     [ pocket_platformer ]
lib/PSGlib.rel                            [ PSGlib ]


Libraries Linked                          [ object file ]

lib/SMSlib.lib                            [ SMSlib.rel ]
lib/SMSlib.lib                            [ SMSlib_load1bppTiles.rel ]
lib/SMSlib.lib                            [ SMSlib_VRAMmemset.rel ]
lib/SMSlib.lib                            [ SMSlib_paletteZero.rel ]
lib/SMSlib.lib                            [ SMSlib_textrenderer.rel ]
lib/SMSlib.lib                            [ SMSlib_sprite.rel ]
/usr/bin/../share/sdcc/lib/z80/z80.lib    [ mul.rel ]
lib/SMSlib.lib                            [ SMSlib_string.rel ]
/usr/bin/../share/sdcc/lib/z80/z80.lib    [ _divslong.rel ]
/usr/bin/../share/sdcc/lib/z80/z80.lib    [ _divulong.rel ]
/usr/bin/../share/sdcc/lib/z80/z80.lib    [ __sdcc_call_hl.rel ]
lib/SMSlib.lib                            [ SMSlib_deprecated.rel ]
lib/SMSlib.lib                            [ SMSlib_VRAMmemcpy.rel ]
/usr/bin/../share/sdcc/lib/z80/z80.lib    [ _mullong.rel ]
/usr/bin/../share/sdcc/lib/z80/z80.lib    [ modunsigned.rel ]
/usr/bin/../share/sdcc/lib/z80/z80.lib    [ divsigned.rel ]
/usr/bin/../share/sdcc/lib/z80/z80.lib    [ divunsigned.rel ]

ASxxxx Linker V03.00 + NoICE + sdld,  page 22.

User Base Address Definitions

_CODE = 0x0200
_DATA = 0xc000

