ASxxxx Linker V03.00 + NoICE + sdld,  page 1.
Hexadecimal  [32-Bits]

Area                                    Addr        Size        Decimal Bytes (Attributes)
--------------------------------        ----        ----        ------- ----- ------------
.  .ABS.                            00000000    00000000 =           0. bytes (ABS,CON)

      Value  Global                              Global Defined In Module
      -----  --------------------------------   ------------------------
     00000000  .__.ABS.                           u_16_16_mul
     00000000  l__BSEG                         
     00000000  l__BSS                          
     00000000  l__CABS                         
     00000000  l__DABS                         
     00000000  l__HEADER                       
     00000000  l__HEAP                         
     00000000  s__CABS                         
     00000000  s__CABS0                        
     00000000  s__CABS1                        
     00000000  s__CABS2                        
     00000000  s__CABS3                        
     00000000  s__CABS4                        
     00000000  s__DABS                         
     00000000  s__HEADER                       
     00000000  s__HEADER0                      
     00000000  s__HEADER1                      
     00000000  s__HEADER2                      
     00000000  s__HEADER3                      
     00000000  s__HEADER4                      
     00000001  l__GSFINAL                      
     00000008  l__HEADER0                      
     00000009  l__HEADER1                      
     0000000B  l__INITIALIZED                  
     0000000B  l__INITIALIZER                  
     0000000F  l__GSINIT                       
     00000010  l__CABS0                        
     00000010  l__CABS4                        
     00000016  l__CABS1                        
     0000001D  l__CABS2                        
     0000001F  l__HEADER2                      
     0000002B  l__HEADER3                      
     00000034  l__CABS3                        
     00000104  l__HEADER4                      
     000001F5  l__HOME                         
     00000200  s__CODE                         
     0000036A  l__DATA                         
     00004FA4  l__CODE                         
     000051A4  s__HOME                         
     00005399  s__INITIALIZER                  
     000053A4  s__GSINIT                       
     000053B3  s__GSFINAL                      
     00008000  _SMS_SRAM                          SMSlib_VRAMmemcpy
     0000C000  s__DATA                         
     0000C36A  s__INITIALIZED                  
     0000C375  s__BSEG                         
     0000C375  s__BSS                          
     0000C375  s__HEAP                         
     0000FFFC  _SRAM_bank_to_be_mapped_on_slot2   SMSlib_VRAMmemcpy
     0000FFFD  _ROM_bank_to_be_mapped_on_slot0    SMSlib_VRAMmemcpy
ASxxxx Linker V03.00 + NoICE + sdld,  page 2.
Hexadecimal  [32-Bits]

Area                                    Addr        Size        Decimal Bytes (Attributes)
--------------------------------        ----        ----        ------- ----- ------------
.  .ABS.                            00000000    00000000 =           0. bytes (ABS,CON)

      Value  Global                              Global Defined In Module
      -----  --------------------------------   ------------------------
     0000FFFE  _ROM_bank_to_be_mapped_on_slot1    SMSlib_VRAMmemcpy
     0000FFFF  _ROM_bank_to_be_mapped_on_slot2    SMSlib_VRAMmemcpy

ASxxxx Linker V03.00 + NoICE + sdld,  page 3.
Hexadecimal  [32-Bits]

Area                                    Addr        Size        Decimal Bytes (Attributes)
--------------------------------        ----        ----        ------- ----- ------------
_CODE                               00000200    00004FA4 =       20388. bytes (REL,CON)

      Value  Global                              Global Defined In Module
      -----  --------------------------------   ------------------------
     00000200  _font_1bpp                         data
     00000500  _draw_meta_sprite                  actor
     000005B2  _init_actor                        actor
     0000073B  _move_actor                        actor
     000009EC  _draw_actor                        actor
     00000AC6  _wait_frames                       actor
     00000AD1  _clear_sprites                     actor
     000047B4  _main                              pocket_platformer
     00004858  _PSGStop                           PSGlib
     0000487F  _PSGResume                         PSGlib
     000048CB  _PSGPlay                           PSGlib
     000048F8  _PSGCancelLoop                     PSGlib
     000048FE  _PSGPlayNoRepeat                   PSGlib
     0000490D  _PSGGetStatus                      PSGlib
     00004915  _PSGSilenceChannels                PSGlib
     00004926  _PSGRestoreVolumes                 PSGlib
     00004A25  _PSGSetMusicVolumeAttenuation      PSGlib
     00004B14  _PSGSFXStop                        PSGlib
     00004BDE  _PSGSFXPlay                        PSGlib
     00004C2B  _PSGSFXCancelLoop                  PSGlib
     00004C31  _PSGSFXGetStatus                   PSGlib
     00004C39  _PSGSFXPlayLoop                    PSGlib
     00004C5A  _PSGFrame                          PSGlib
     00004D73  _PSGSFXFrame                       PSGlib
     00004DF9  _SMS_init                          SMSlib
     00004E2B  _VDPReg_init                       SMSlib
     00004E36  _SMS_VDPturnOnFeature              SMSlib
     00004E4B  _SMS_VDPturnOffFeature             SMSlib
     00004E63  _SMS_setBGScrollX                  SMSlib
     00004E6D  _SMS_setBGScrollY                  SMSlib
     00004E77  _SMS_setBackdropColor              SMSlib
     00004E81  _SMS_useFirstHalfTilesforSprites   SMSlib
     00004E97  _SMS_setSpriteMode                 SMSlib
     00004EE4  _SMS_setBGPaletteColor             SMSlib
     00004EF1  _SMS_setSpritePaletteColor         SMSlib
     00004EFE  _SMS_loadBGPalette                 SMSlib
     00004F12  _SMS_loadSpritePalette             SMSlib
     00004F26  _SMS_setColor                      SMSlib
     00004F2A  _SMS_waitForVBlank                 SMSlib
     00004F37  _SMS_getKeysStatus                 SMSlib
     00004F3C  _SMS_getKeysPressed                SMSlib
     00004F51  _SMS_getKeysHeld                   SMSlib
     00004F64  _SMS_getKeysReleased               SMSlib
     00004F7D  _SMS_queryPauseRequested           SMSlib
     00004F81  _SMS_resetPauseRequest             SMSlib
     00004F87  _SMS_setFrameInterruptHandler      SMSlib
     00004F8B  _SMS_setLineInterruptHandler       SMSlib
     00004F8F  _SMS_setLineCounter                SMSlib
     00004F99  _SMS_getVCount                     SMSlib
     00004FA3  _SMS_isr                           SMSlib
ASxxxx Linker V03.00 + NoICE + sdld,  page 4.
Hexadecimal  [32-Bits]

Area                                    Addr        Size        Decimal Bytes (Attributes)
--------------------------------        ----        ----        ------- ----- ------------
_CODE                               00000200    00004FA4 =       20388. bytes (REL,CON)

      Value  Global                              Global Defined In Module
      -----  --------------------------------   ------------------------
     00004FE2  _SMS_nmi_isr                       SMSlib
     00004FEB  _SMS_load1bppTiles                 SMSlib_load1bppTiles
     0000504D  _SMS_VRAMmemset_f                  SMSlib_VRAMmemset
     00005069  _SMS_VRAMmemsetW                   SMSlib_VRAMmemset
     0000507C  _SMS_zeroBGPalette                 SMSlib_paletteZero
     00005090  _SMS_zeroSpritePalette             SMSlib_paletteZero
     000050A4  _SMS_configureTextRenderer         SMSlib_textrenderer
     000050A8  _putchar                           SMSlib_textrenderer
     000050B0  _SMS_initSprites                   SMSlib_sprite
     000050B6  _SMS_addSprite_f                   SMSlib_sprite
     000050E1  _SMS_copySpritestoSAT              SMSlib_sprite
     00005115  __mulint                           
     00005117  __mul16                            
     0000512C  _SMS_putchar                       SMSlib_string
     00005136  _SMS_print                         SMSlib_string
     00005146  ___sdcc_call_hl                    
     00005147  _SMS_finalizeSprites               SMSlib_deprecated
     00005148  _SMS_VRAMmemcpy                    SMSlib_VRAMmemcpy
     0000515F  ___mulsint2slong                   u_16_16_mul
     0000518D  ___muluint2ulong                   u_16_16_mul

ASxxxx Linker V03.00 + NoICE + sdld,  page 5.
Hexadecimal  [32-Bits]

Area                                    Addr        Size        Decimal Bytes (Attributes)
--------------------------------        ----        ----        ------- ----- ------------
_HEADER0                            00000000    00000008 =           8. bytes (ABS,CON)

      Value  Global                              Global Defined In Module
      -----  --------------------------------   ------------------------
ASxxxx Linker V03.00 + NoICE + sdld,  page 6.
Hexadecimal  [32-Bits]

Area                                    Addr        Size        Decimal Bytes (Attributes)
--------------------------------        ----        ----        ------- ----- ------------
_HEADER1                            00000000    00000009 =           9. bytes (ABS,CON)

      Value  Global                              Global Defined In Module
      -----  --------------------------------   ------------------------
     00000008  _SMS_crt0_RST08                    crt0

ASxxxx Linker V03.00 + NoICE + sdld,  page 7.
Hexadecimal  [32-Bits]

Area                                    Addr        Size        Decimal Bytes (Attributes)
--------------------------------        ----        ----        ------- ----- ------------
_HEADER2                            00000000    0000001F =          31. bytes (ABS,CON)

      Value  Global                              Global Defined In Module
      -----  --------------------------------   ------------------------
     00000018  _SMS_crt0_RST18                    crt0
     0000002F  get_bank                           crt0
     00000033  set_bank                           crt0
ASxxxx Linker V03.00 + NoICE + sdld,  page 8.
Hexadecimal  [32-Bits]

Area                                    Addr        Size        Decimal Bytes (Attributes)
--------------------------------        ----        ----        ------- ----- ------------
_HEADER3                            00000000    0000002B =          43. bytes (ABS,CON)

      Value  Global                              Global Defined In Module
      -----  --------------------------------   ------------------------
ASxxxx Linker V03.00 + NoICE + sdld,  page 9.
Hexadecimal  [32-Bits]

Area                                    Addr        Size        Decimal Bytes (Attributes)
--------------------------------        ----        ----        ------- ----- ------------
_HEADER4                            00000000    00000104 =         260. bytes (ABS,CON)

      Value  Global                              Global Defined In Module
      -----  --------------------------------   ------------------------
     00000069  _OUTI128                           crt0
     000000A9  _OUTI96                            crt0
     000000E9  _OUTI64                            crt0
     00000129  _OUTI32                            crt0
     00000169  _outi_block                        crt0

ASxxxx Linker V03.00 + NoICE + sdld,  page 10.
Hexadecimal  [32-Bits]

Area                                    Addr        Size        Decimal Bytes (Attributes)
--------------------------------        ----        ----        ------- ----- ------------
_HOME                               000051A4    000001F5 =         501. bytes (REL,CON)

      Value  Global                              Global Defined In Module
      -----  --------------------------------   ------------------------
     000051A4  __divslong                         _divslong
     00005234  __divulong                         _divulong
     000052AE  __mullong                          _mullong
ASxxxx Linker V03.00 + NoICE + sdld,  page 11.
Hexadecimal  [32-Bits]

Area                                    Addr        Size        Decimal Bytes (Attributes)
--------------------------------        ----        ----        ------- ----- ------------
_INITIALIZER                        00005399    0000000B =          11. bytes (REL,CON)

      Value  Global                              Global Defined In Module
      -----  --------------------------------   ------------------------
ASxxxx Linker V03.00 + NoICE + sdld,  page 12.
Hexadecimal  [32-Bits]

Area                                    Addr        Size        Decimal Bytes (Attributes)
--------------------------------        ----        ----        ------- ----- ------------
_GSINIT                             000053A4    0000000F =          15. bytes (REL,CON)

      Value  Global                              Global Defined In Module
      -----  --------------------------------   ------------------------
     000053A4  crt0_gsinit                        crt0

ASxxxx Linker V03.00 + NoICE + sdld,  page 13.
Hexadecimal  [32-Bits]

Area                                    Addr        Size        Decimal Bytes (Attributes)
--------------------------------        ----        ----        ------- ----- ------------
_GSFINAL                            000053B3    00000001 =           1. bytes (REL,CON)

      Value  Global                              Global Defined In Module
      -----  --------------------------------   ------------------------
ASxxxx Linker V03.00 + NoICE + sdld,  page 14.
Hexadecimal  [32-Bits]

Area                                    Addr        Size        Decimal Bytes (Attributes)
--------------------------------        ----        ----        ------- ----- ------------
_DATA                               0000C000    0000036A =         874. bytes (REL,CON)

      Value  Global                              Global Defined In Module
      -----  --------------------------------   ------------------------
     0000C276  _PSGMusicStatus                    PSGlib
     0000C277  _PSGMusicStart                     PSGlib
     0000C279  _PSGMusicPointer                   PSGlib
     0000C27B  _PSGMusicLoopPoint                 PSGlib
     0000C27D  _PSGMusicSkipFrames                PSGlib
     0000C27E  _PSGLoopFlag                       PSGlib
     0000C27F  _PSGMusicLastLatch                 PSGlib
     0000C280  _PSGMusicVolumeAttenuation         PSGlib
     0000C281  _PSGMusicSubstringLen              PSGlib
     0000C282  _PSGMusicSubstringRetAddr          PSGlib
     0000C284  _PSGChan0Volume                    PSGlib
     0000C285  _PSGChan1Volume                    PSGlib
     0000C286  _PSGChan2Volume                    PSGlib
     0000C287  _PSGChan3Volume                    PSGlib
     0000C288  _PSGChan2LowTone                   PSGlib
     0000C289  _PSGChan2HighTone                  PSGlib
     0000C28A  _PSGChan3LowTone                   PSGlib
     0000C28B  _PSGChannel2SFX                    PSGlib
     0000C28C  _PSGChannel3SFX                    PSGlib
     0000C28D  _PSGSFXChan2Volume                 PSGlib
     0000C28E  _PSGSFXChan3Volume                 PSGlib
     0000C28F  _PSGSFXStatus                      PSGlib
     0000C290  _PSGSFXStart                       PSGlib
     0000C292  _PSGSFXPointer                     PSGlib
     0000C294  _PSGSFXLoopPoint                   PSGlib
     0000C296  _PSGSFXSkipFrames                  PSGlib
     0000C297  _PSGSFXLoopFlag                    PSGlib
     0000C298  _PSGSFXSubstringLen                PSGlib
     0000C299  _PSGSFXSubstringRetAddr            PSGlib
     0000C29B  _VDPBlank                          SMSlib
     0000C29C  _SMS_VDPFlags                      SMSlib
     0000C29D  _PauseRequested                    SMSlib
     0000C29E  _SMS_Port3EBIOSvalue               SMSlib
     0000C29F  _SMS_theFrameInterruptHandler      SMSlib
     0000C2A1  _KeysStatus                        SMSlib
     0000C2A3  _PreviousKeysStatus                SMSlib
     0000C2A5  _SMS_theLineInterruptHandler       SMSlib
     0000C2A7  _SMS_TextRenderer_offset           SMSlib_textrenderer
     0000C2A9  _SpriteTableY                      SMSlib_sprite
     0000C2E9  _SpriteTableXN                     SMSlib_sprite
     0000C369  _SpriteNextFree                    SMSlib_sprite

ASxxxx Linker V03.00 + NoICE + sdld,  page 15.
Hexadecimal  [32-Bits]

Area                                    Addr        Size        Decimal Bytes (Attributes)
--------------------------------        ----        ----        ------- ----- ------------
_INITIALIZED                        0000C36A    0000000B =          11. bytes (REL,CON)

      Value  Global                              Global Defined In Module
      -----  --------------------------------   ------------------------
     0000C36A  _font_1bpp_size                    data
     0000C370  _VDPReg                            SMSlib
     0000C372  _spritesHeight                     SMSlib
     0000C373  _spritesWidth                      SMSlib
     0000C374  _spritesTileOffset                 SMSlib

ASxxxx Linker V03.00 + NoICE + sdld,  page 16.
Hexadecimal  [32-Bits]

Area                                    Addr        Size        Decimal Bytes (Attributes)
--------------------------------        ----        ----        ------- ----- ------------
_CABS0                              00000000    00000010 =          16. bytes (ABS,CON)

      Value  Global                              Global Defined In Module
      -----  --------------------------------   ------------------------
     00007FF0  ___SMS__SEGA_signature             pocket_platformer

ASxxxx Linker V03.00 + NoICE + sdld,  page 17.
Hexadecimal  [32-Bits]

Area                                    Addr        Size        Decimal Bytes (Attributes)
--------------------------------        ----        ----        ------- ----- ------------
_CABS1                              00000000    00000016 =          22. bytes (ABS,CON)

      Value  Global                              Global Defined In Module
      -----  --------------------------------   ------------------------
     00007FCA  ___SMS__SDSC_author                pocket_platformer

ASxxxx Linker V03.00 + NoICE + sdld,  page 18.
Hexadecimal  [32-Bits]

Area                                    Addr        Size        Decimal Bytes (Attributes)
--------------------------------        ----        ----        ------- ----- ------------
_CABS2                              00000000    0000001D =          29. bytes (ABS,CON)

      Value  Global                              Global Defined In Module
      -----  --------------------------------   ------------------------
     00007FAD  ___SMS__SDSC_name                  pocket_platformer

ASxxxx Linker V03.00 + NoICE + sdld,  page 19.
Hexadecimal  [32-Bits]

Area                                    Addr        Size        Decimal Bytes (Attributes)
--------------------------------        ----        ----        ------- ----- ------------
_CABS3                              00000000    00000034 =          52. bytes (ABS,CON)

      Value  Global                              Global Defined In Module
      -----  --------------------------------   ------------------------
     00007F79  ___SMS__SDSC_descr                 pocket_platformer

ASxxxx Linker V03.00 + NoICE + sdld,  page 20.
Hexadecimal  [32-Bits]

Area                                    Addr        Size        Decimal Bytes (Attributes)
--------------------------------        ----        ----        ------- ----- ------------
_CABS4                              00000000    00000010 =          16. bytes (ABS,CON)

      Value  Global                              Global Defined In Module
      -----  --------------------------------   ------------------------
     00007FE0  ___SMS__SDSC_signature             pocket_platformer

ASxxxx Linker V03.00 + NoICE + sdld,  page 21.

Files Linked                              [ module(s) ]

lib/crt0_sms.rel                          [ crt0 ]
data.rel                                  [ data ]
actor.rel                                 [ actor ]
pocket_platformer.rel                     [ pocket_platformer ]
lib/PSGlib.rel                            [ PSGlib ]


Libraries Linked                          [ object file ]

lib/SMSlib.lib                            [ SMSlib.rel ]
lib/SMSlib.lib                            [ SMSlib_load1bppTiles.rel ]
lib/SMSlib.lib                            [ SMSlib_VRAMmemset.rel ]
lib/SMSlib.lib                            [ SMSlib_paletteZero.rel ]
lib/SMSlib.lib                            [ SMSlib_textrenderer.rel ]
lib/SMSlib.lib                            [ SMSlib_sprite.rel ]
/usr/bin/../share/sdcc/lib/z80/z80.lib    [ mul.rel ]
lib/SMSlib.lib                            [ SMSlib_string.rel ]
/usr/bin/../share/sdcc/lib/z80/z80.lib    [ _divslong.rel ]
/usr/bin/../share/sdcc/lib/z80/z80.lib    [ _divulong.rel ]
/usr/bin/../share/sdcc/lib/z80/z80.lib    [ __sdcc_call_hl.rel ]
lib/SMSlib.lib                            [ SMSlib_deprecated.rel ]
lib/SMSlib.lib                            [ SMSlib_VRAMmemcpy.rel ]
/usr/bin/../share/sdcc/lib/z80/z80.lib    [ _mullong.rel ]
/usr/bin/../share/sdcc/lib/z80/z80.lib    [ __mulsint2slong.rel ]

ASxxxx Linker V03.00 + NoICE + sdld,  page 22.

User Base Address Definitions

_CODE = 0x0200
_DATA = 0xc000

