ASxxxx Linker V03.00 + NoICE + sdld,  page 1.
Hexadecimal  [32-Bits]

Area                                    Addr        Size        Decimal Bytes (Attributes)
--------------------------------        ----        ----        ------- ----- ------------
.  .ABS.                            00000000    00000000 =           0. bytes (ABS,CON)

      Value  Global                              Global Defined In Module
      -----  --------------------------------   ------------------------
     00000000  .__.ABS.                           
     00000000  l__BSEG                         
     00000000  l__BSS                          
     00000000  l__CABS                         
     00000000  l__DABS                         
     00000000  l__HEADER                       
     00000000  l__HEAP                         
     00000000  s__CABS                         
     00000000  s__CABS0                        
     00000000  s__CABS1                        
     00000000  s__CABS2                        
     00000000  s__CABS3                        
     00000000  s__CABS4                        
     00000000  s__DABS                         
     00000000  s__HEADER                       
     00000000  s__HEADER0                      
     00000000  s__HEADER1                      
     00000000  s__HEADER2                      
     00000000  s__HEADER3                      
     00000000  s__HEADER4                      
     00000001  l__GSFINAL                      
     00000008  l__HEADER0                      
     00000009  l__HEADER1                      
     0000000F  l__GSINIT                       
     0000000F  l__INITIALIZED                  
     0000000F  l__INITIALIZER                  
     00000010  l__CABS0                        
     00000010  l__CABS4                        
     00000016  l__CABS1                        
     0000001D  l__CABS2                        
     0000001F  l__HEADER2                      
     0000002B  l__HEADER3                      
     00000034  l__CABS3                        
     00000104  l__HEADER4                      
     000001F5  l__HOME                         
     00000200  s__CODE                         
     00000AC1  l__DATA                         
     000070A6  l__CODE                         
     000072A6  s__HOME                         
     0000749B  s__INITIALIZER                  
     000074AA  s__GSINIT                       
     000074B9  s__GSFINAL                      
     00008000  _SMS_SRAM                          SMSlib_VRAMmemcpy
     0000C000  s__DATA                         
     0000CAC1  s__INITIALIZED                  
     0000CAD0  s__BSEG                         
     0000CAD0  s__BSS                          
     0000CAD0  s__HEAP                         
     0000FFFC  _SRAM_bank_to_be_mapped_on_slot2   SMSlib_VRAMmemcpy
     0000FFFD  _ROM_bank_to_be_mapped_on_slot0    SMSlib_VRAMmemcpy
ASxxxx Linker V03.00 + NoICE + sdld,  page 2.
Hexadecimal  [32-Bits]

Area                                    Addr        Size        Decimal Bytes (Attributes)
--------------------------------        ----        ----        ------- ----- ------------
.  .ABS.                            00000000    00000000 =           0. bytes (ABS,CON)

      Value  Global                              Global Defined In Module
      -----  --------------------------------   ------------------------
     0000FFFE  _ROM_bank_to_be_mapped_on_slot1    SMSlib_VRAMmemcpy
     0000FFFF  _ROM_bank_to_be_mapped_on_slot2    SMSlib_VRAMmemcpy

ASxxxx Linker V03.00 + NoICE + sdld,  page 3.
Hexadecimal  [32-Bits]

Area                                    Addr        Size        Decimal Bytes (Attributes)
--------------------------------        ----        ----        ------- ----- ------------
_CODE                               00000200    000070A6 =       28838. bytes (REL,CON)

      Value  Global                              Global Defined In Module
      -----  --------------------------------   ------------------------
     00000200  _font_1bpp                         data
     00000500  _draw_meta_sprite                  actor
     000005B2  _init_actor                        actor
     0000073B  _move_actor                        actor
     000009EC  _draw_actor                        actor
     00000AC6  _wait_frames                       actor
     00000AD1  _clear_sprites                     actor
     00006881  _main                              pocket_platformer
     00006925  _PSGStop                           PSGlib
     0000694C  _PSGResume                         PSGlib
     00006998  _PSGPlay                           PSGlib
     000069C5  _PSGCancelLoop                     PSGlib
     000069CB  _PSGPlayNoRepeat                   PSGlib
     000069DA  _PSGGetStatus                      PSGlib
     000069E2  _PSGSilenceChannels                PSGlib
     000069F3  _PSGRestoreVolumes                 PSGlib
     00006AF2  _PSGSetMusicVolumeAttenuation      PSGlib
     00006BE1  _PSGSFXStop                        PSGlib
     00006CAB  _PSGSFXPlay                        PSGlib
     00006CF8  _PSGSFXCancelLoop                  PSGlib
     00006CFE  _PSGSFXGetStatus                   PSGlib
     00006D06  _PSGSFXPlayLoop                    PSGlib
     00006D27  _PSGFrame                          PSGlib
     00006E40  _PSGSFXFrame                       PSGlib
     00006EC6  _SMS_init                          SMSlib
     00006EF8  _VDPReg_init                       SMSlib
     00006F03  _SMS_VDPturnOnFeature              SMSlib
     00006F18  _SMS_VDPturnOffFeature             SMSlib
     00006F30  _SMS_setBGScrollX                  SMSlib
     00006F3A  _SMS_setBGScrollY                  SMSlib
     00006F44  _SMS_setBackdropColor              SMSlib
     00006F4E  _SMS_useFirstHalfTilesforSprites   SMSlib
     00006F64  _SMS_setSpriteMode                 SMSlib
     00006FB1  _SMS_setBGPaletteColor             SMSlib
     00006FBE  _SMS_setSpritePaletteColor         SMSlib
     00006FCB  _SMS_loadBGPalette                 SMSlib
     00006FDF  _SMS_loadSpritePalette             SMSlib
     00006FF3  _SMS_setColor                      SMSlib
     00006FF7  _SMS_waitForVBlank                 SMSlib
     00007004  _SMS_getKeysStatus                 SMSlib
     00007009  _SMS_getKeysPressed                SMSlib
     0000701E  _SMS_getKeysHeld                   SMSlib
     00007031  _SMS_getKeysReleased               SMSlib
     0000704A  _SMS_queryPauseRequested           SMSlib
     0000704E  _SMS_resetPauseRequest             SMSlib
     00007054  _SMS_setFrameInterruptHandler      SMSlib
     00007058  _SMS_setLineInterruptHandler       SMSlib
     0000705C  _SMS_setLineCounter                SMSlib
     00007066  _SMS_getVCount                     SMSlib
     00007070  _SMS_isr                           SMSlib
ASxxxx Linker V03.00 + NoICE + sdld,  page 4.
Hexadecimal  [32-Bits]

Area                                    Addr        Size        Decimal Bytes (Attributes)
--------------------------------        ----        ----        ------- ----- ------------
_CODE                               00000200    000070A6 =       28838. bytes (REL,CON)

      Value  Global                              Global Defined In Module
      -----  --------------------------------   ------------------------
     000070AF  _SMS_nmi_isr                       SMSlib
     000070B8  _SMS_load1bppTiles                 SMSlib_load1bppTiles
     0000711A  _SMS_VRAMmemset_f                  SMSlib_VRAMmemset
     00007136  _SMS_VRAMmemsetW                   SMSlib_VRAMmemset
     00007149  _SMS_zeroBGPalette                 SMSlib_paletteZero
     0000715D  _SMS_zeroSpritePalette             SMSlib_paletteZero
     00007171  _SMS_configureTextRenderer         SMSlib_textrenderer
     00007175  _putchar                           SMSlib_textrenderer
     0000717D  _SMS_initSprites                   SMSlib_sprite
     00007183  _SMS_addSprite_f                   SMSlib_sprite
     000071AE  _SMS_copySpritestoSAT              SMSlib_sprite
     000071E2  __mulint                           
     000071E4  __mul16                            
     000071F9  _SMS_putchar                       SMSlib_string
     00007203  _SMS_print                         SMSlib_string
     00007213  ___sdcc_call_hl                    
     00007214  _SMS_finalizeSprites               SMSlib_deprecated
     00007215  _SMS_VRAMmemcpy                    SMSlib_VRAMmemcpy
     0000722C  __moduchar                         
     00007233  __moduint                          
     00007238  __divschar                         
     0000723A  __div8                             
     0000723E  __div_signexte                     
     00007242  __div16                            
     00007242  __divsint                          
     00007268  __get_remainder                    
     00007272  __divuchar                         
     00007274  __divu8                            
     00007277  __divu16                           
     00007277  __divuint                          

ASxxxx Linker V03.00 + NoICE + sdld,  page 5.
Hexadecimal  [32-Bits]

Area                                    Addr        Size        Decimal Bytes (Attributes)
--------------------------------        ----        ----        ------- ----- ------------
_HEADER0                            00000000    00000008 =           8. bytes (ABS,CON)

      Value  Global                              Global Defined In Module
      -----  --------------------------------   ------------------------
ASxxxx Linker V03.00 + NoICE + sdld,  page 6.
Hexadecimal  [32-Bits]

Area                                    Addr        Size        Decimal Bytes (Attributes)
--------------------------------        ----        ----        ------- ----- ------------
_HEADER1                            00000000    00000009 =           9. bytes (ABS,CON)

      Value  Global                              Global Defined In Module
      -----  --------------------------------   ------------------------
     00000008  _SMS_crt0_RST08                    crt0

ASxxxx Linker V03.00 + NoICE + sdld,  page 7.
Hexadecimal  [32-Bits]

Area                                    Addr        Size        Decimal Bytes (Attributes)
--------------------------------        ----        ----        ------- ----- ------------
_HEADER2                            00000000    0000001F =          31. bytes (ABS,CON)

      Value  Global                              Global Defined In Module
      -----  --------------------------------   ------------------------
     00000018  _SMS_crt0_RST18                    crt0
     0000002F  get_bank                           crt0
     00000033  set_bank                           crt0
ASxxxx Linker V03.00 + NoICE + sdld,  page 8.
Hexadecimal  [32-Bits]

Area                                    Addr        Size        Decimal Bytes (Attributes)
--------------------------------        ----        ----        ------- ----- ------------
_HEADER3                            00000000    0000002B =          43. bytes (ABS,CON)

      Value  Global                              Global Defined In Module
      -----  --------------------------------   ------------------------
ASxxxx Linker V03.00 + NoICE + sdld,  page 9.
Hexadecimal  [32-Bits]

Area                                    Addr        Size        Decimal Bytes (Attributes)
--------------------------------        ----        ----        ------- ----- ------------
_HEADER4                            00000000    00000104 =         260. bytes (ABS,CON)

      Value  Global                              Global Defined In Module
      -----  --------------------------------   ------------------------
     00000069  _OUTI128                           crt0
     000000A9  _OUTI96                            crt0
     000000E9  _OUTI64                            crt0
     00000129  _OUTI32                            crt0
     00000169  _outi_block                        crt0

ASxxxx Linker V03.00 + NoICE + sdld,  page 10.
Hexadecimal  [32-Bits]

Area                                    Addr        Size        Decimal Bytes (Attributes)
--------------------------------        ----        ----        ------- ----- ------------
_HOME                               000072A6    000001F5 =         501. bytes (REL,CON)

      Value  Global                              Global Defined In Module
      -----  --------------------------------   ------------------------
     000072A6  __divslong                         _divslong
     00007336  __divulong                         _divulong
     000073B0  __mullong                          _mullong
ASxxxx Linker V03.00 + NoICE + sdld,  page 11.
Hexadecimal  [32-Bits]

Area                                    Addr        Size        Decimal Bytes (Attributes)
--------------------------------        ----        ----        ------- ----- ------------
_INITIALIZER                        0000749B    0000000F =          15. bytes (REL,CON)

      Value  Global                              Global Defined In Module
      -----  --------------------------------   ------------------------
ASxxxx Linker V03.00 + NoICE + sdld,  page 12.
Hexadecimal  [32-Bits]

Area                                    Addr        Size        Decimal Bytes (Attributes)
--------------------------------        ----        ----        ------- ----- ------------
_GSINIT                             000074AA    0000000F =          15. bytes (REL,CON)

      Value  Global                              Global Defined In Module
      -----  --------------------------------   ------------------------
     000074AA  crt0_gsinit                        crt0

ASxxxx Linker V03.00 + NoICE + sdld,  page 13.
Hexadecimal  [32-Bits]

Area                                    Addr        Size        Decimal Bytes (Attributes)
--------------------------------        ----        ----        ------- ----- ------------
_GSFINAL                            000074B9    00000001 =           1. bytes (REL,CON)

      Value  Global                              Global Defined In Module
      -----  --------------------------------   ------------------------
ASxxxx Linker V03.00 + NoICE + sdld,  page 14.
Hexadecimal  [32-Bits]

Area                                    Addr        Size        Decimal Bytes (Attributes)
--------------------------------        ----        ----        ------- ----- ------------
_DATA                               0000C000    00000AC1 =        2753. bytes (REL,CON)

      Value  Global                              Global Defined In Module
      -----  --------------------------------   ------------------------
     0000C9CD  _PSGMusicStatus                    PSGlib
     0000C9CE  _PSGMusicStart                     PSGlib
     0000C9D0  _PSGMusicPointer                   PSGlib
     0000C9D2  _PSGMusicLoopPoint                 PSGlib
     0000C9D4  _PSGMusicSkipFrames                PSGlib
     0000C9D5  _PSGLoopFlag                       PSGlib
     0000C9D6  _PSGMusicLastLatch                 PSGlib
     0000C9D7  _PSGMusicVolumeAttenuation         PSGlib
     0000C9D8  _PSGMusicSubstringLen              PSGlib
     0000C9D9  _PSGMusicSubstringRetAddr          PSGlib
     0000C9DB  _PSGChan0Volume                    PSGlib
     0000C9DC  _PSGChan1Volume                    PSGlib
     0000C9DD  _PSGChan2Volume                    PSGlib
     0000C9DE  _PSGChan3Volume                    PSGlib
     0000C9DF  _PSGChan2LowTone                   PSGlib
     0000C9E0  _PSGChan2HighTone                  PSGlib
     0000C9E1  _PSGChan3LowTone                   PSGlib
     0000C9E2  _PSGChannel2SFX                    PSGlib
     0000C9E3  _PSGChannel3SFX                    PSGlib
     0000C9E4  _PSGSFXChan2Volume                 PSGlib
     0000C9E5  _PSGSFXChan3Volume                 PSGlib
     0000C9E6  _PSGSFXStatus                      PSGlib
     0000C9E7  _PSGSFXStart                       PSGlib
     0000C9E9  _PSGSFXPointer                     PSGlib
     0000C9EB  _PSGSFXLoopPoint                   PSGlib
     0000C9ED  _PSGSFXSkipFrames                  PSGlib
     0000C9EE  _PSGSFXLoopFlag                    PSGlib
     0000C9EF  _PSGSFXSubstringLen                PSGlib
     0000C9F0  _PSGSFXSubstringRetAddr            PSGlib
     0000C9F2  _VDPBlank                          SMSlib
     0000C9F3  _SMS_VDPFlags                      SMSlib
     0000C9F4  _PauseRequested                    SMSlib
     0000C9F5  _SMS_Port3EBIOSvalue               SMSlib
     0000C9F6  _SMS_theFrameInterruptHandler      SMSlib
     0000C9F8  _KeysStatus                        SMSlib
     0000C9FA  _PreviousKeysStatus                SMSlib
     0000C9FC  _SMS_theLineInterruptHandler       SMSlib
     0000C9FE  _SMS_TextRenderer_offset           SMSlib_textrenderer
     0000CA00  _SpriteTableY                      SMSlib_sprite
     0000CA40  _SpriteTableXN                     SMSlib_sprite
     0000CAC0  _SpriteNextFree                    SMSlib_sprite

ASxxxx Linker V03.00 + NoICE + sdld,  page 15.
Hexadecimal  [32-Bits]

Area                                    Addr        Size        Decimal Bytes (Attributes)
--------------------------------        ----        ----        ------- ----- ------------
_INITIALIZED                        0000CAC1    0000000F =          15. bytes (REL,CON)

      Value  Global                              Global Defined In Module
      -----  --------------------------------   ------------------------
     0000CAC1  _font_1bpp_size                    data
     0000CACB  _VDPReg                            SMSlib
     0000CACD  _spritesHeight                     SMSlib
     0000CACE  _spritesWidth                      SMSlib
     0000CACF  _spritesTileOffset                 SMSlib

ASxxxx Linker V03.00 + NoICE + sdld,  page 16.
Hexadecimal  [32-Bits]

Area                                    Addr        Size        Decimal Bytes (Attributes)
--------------------------------        ----        ----        ------- ----- ------------
_CABS0                              00000000    00000010 =          16. bytes (ABS,CON)

      Value  Global                              Global Defined In Module
      -----  --------------------------------   ------------------------
     00007FF0  ___SMS__SEGA_signature             pocket_platformer

ASxxxx Linker V03.00 + NoICE + sdld,  page 17.
Hexadecimal  [32-Bits]

Area                                    Addr        Size        Decimal Bytes (Attributes)
--------------------------------        ----        ----        ------- ----- ------------
_CABS1                              00000000    00000016 =          22. bytes (ABS,CON)

      Value  Global                              Global Defined In Module
      -----  --------------------------------   ------------------------
     00007FCA  ___SMS__SDSC_author                pocket_platformer

ASxxxx Linker V03.00 + NoICE + sdld,  page 18.
Hexadecimal  [32-Bits]

Area                                    Addr        Size        Decimal Bytes (Attributes)
--------------------------------        ----        ----        ------- ----- ------------
_CABS2                              00000000    0000001D =          29. bytes (ABS,CON)

      Value  Global                              Global Defined In Module
      -----  --------------------------------   ------------------------
     00007FAD  ___SMS__SDSC_name                  pocket_platformer

ASxxxx Linker V03.00 + NoICE + sdld,  page 19.
Hexadecimal  [32-Bits]

Area                                    Addr        Size        Decimal Bytes (Attributes)
--------------------------------        ----        ----        ------- ----- ------------
_CABS3                              00000000    00000034 =          52. bytes (ABS,CON)

      Value  Global                              Global Defined In Module
      -----  --------------------------------   ------------------------
     00007F79  ___SMS__SDSC_descr                 pocket_platformer

ASxxxx Linker V03.00 + NoICE + sdld,  page 20.
Hexadecimal  [32-Bits]

Area                                    Addr        Size        Decimal Bytes (Attributes)
--------------------------------        ----        ----        ------- ----- ------------
_CABS4                              00000000    00000010 =          16. bytes (ABS,CON)

      Value  Global                              Global Defined In Module
      -----  --------------------------------   ------------------------
     00007FE0  ___SMS__SDSC_signature             pocket_platformer

ASxxxx Linker V03.00 + NoICE + sdld,  page 21.

Files Linked                              [ module(s) ]

lib/crt0_sms.rel                          [ crt0 ]
data.rel                                  [ data ]
actor.rel                                 [ actor ]
pocket_platformer.rel                     [ pocket_platformer ]
lib/PSGlib.rel                            [ PSGlib ]


Libraries Linked                          [ object file ]

lib/SMSlib.lib                            [ SMSlib.rel ]
lib/SMSlib.lib                            [ SMSlib_load1bppTiles.rel ]
lib/SMSlib.lib                            [ SMSlib_VRAMmemset.rel ]
lib/SMSlib.lib                            [ SMSlib_paletteZero.rel ]
lib/SMSlib.lib                            [ SMSlib_textrenderer.rel ]
lib/SMSlib.lib                            [ SMSlib_sprite.rel ]
/usr/bin/../share/sdcc/lib/z80/z80.lib    [ mul.rel ]
lib/SMSlib.lib                            [ SMSlib_string.rel ]
/usr/bin/../share/sdcc/lib/z80/z80.lib    [ _divslong.rel ]
/usr/bin/../share/sdcc/lib/z80/z80.lib    [ _divulong.rel ]
/usr/bin/../share/sdcc/lib/z80/z80.lib    [ __sdcc_call_hl.rel ]
lib/SMSlib.lib                            [ SMSlib_deprecated.rel ]
lib/SMSlib.lib                            [ SMSlib_VRAMmemcpy.rel ]
/usr/bin/../share/sdcc/lib/z80/z80.lib    [ _mullong.rel ]
/usr/bin/../share/sdcc/lib/z80/z80.lib    [ modunsigned.rel ]
/usr/bin/../share/sdcc/lib/z80/z80.lib    [ divsigned.rel ]
/usr/bin/../share/sdcc/lib/z80/z80.lib    [ divunsigned.rel ]

ASxxxx Linker V03.00 + NoICE + sdld,  page 22.

User Base Address Definitions

_CODE = 0x0200
_DATA = 0xc000

