ASxxxx Linker V03.00 + NoICE + sdld,  page 1.
Hexadecimal  [32-Bits]

Area                                    Addr        Size        Decimal Bytes (Attributes)
--------------------------------        ----        ----        ------- ----- ------------
.  .ABS.                            00000000    00000000 =           0. bytes (ABS,CON)

      Value  Global                              Global Defined In Module
      -----  --------------------------------   ------------------------
     00000000  .__.ABS.                           _mullong
     00000000  l__BSEG                         
     00000000  l__BSS                          
     00000000  l__CABS                         
     00000000  l__DABS                         
     00000000  l__HEADER                       
     00000000  l__HEAP                         
     00000000  s__CABS                         
     00000000  s__CABS0                        
     00000000  s__CABS1                        
     00000000  s__CABS2                        
     00000000  s__CABS3                        
     00000000  s__CABS4                        
     00000000  s__DABS                         
     00000000  s__HEADER                       
     00000000  s__HEADER0                      
     00000000  s__HEADER1                      
     00000000  s__HEADER2                      
     00000000  s__HEADER3                      
     00000000  s__HEADER4                      
     00000001  l__GSFINAL                      
     00000007  l__INITIALIZED                  
     00000007  l__INITIALIZER                  
     00000008  l__HEADER0                      
     00000009  l__HEADER1                      
     0000000F  l__GSINIT                       
     00000010  l__CABS0                        
     00000010  l__CABS4                        
     00000016  l__CABS1                        
     0000001D  l__CABS2                        
     0000001F  l__HEADER2                      
     0000002B  l__HEADER3                      
     00000034  l__CABS3                        
     00000104  l__HEADER4                      
     000001F5  l__HOME                         
     00000200  s__CODE                         
     0000085D  l__DATA                         
     000056C5  l__CODE                         
     000058C5  s__HOME                         
     00005ABA  s__INITIALIZER                  
     00005AC1  s__GSINIT                       
     00005AD0  s__GSFINAL                      
     00008000  _SMS_SRAM                          SMSlib_VRAMmemcpy
     0000C000  s__DATA                         
     0000C85D  s__INITIALIZED                  
     0000C864  s__BSEG                         
     0000C864  s__BSS                          
     0000C864  s__HEAP                         
     0000FFFC  _SRAM_bank_to_be_mapped_on_slot2   SMSlib_VRAMmemcpy
     0000FFFD  _ROM_bank_to_be_mapped_on_slot0    SMSlib_VRAMmemcpy
ASxxxx Linker V03.00 + NoICE + sdld,  page 2.
Hexadecimal  [32-Bits]

Area                                    Addr        Size        Decimal Bytes (Attributes)
--------------------------------        ----        ----        ------- ----- ------------
.  .ABS.                            00000000    00000000 =           0. bytes (ABS,CON)

      Value  Global                              Global Defined In Module
      -----  --------------------------------   ------------------------
     0000FFFE  _ROM_bank_to_be_mapped_on_slot1    SMSlib_VRAMmemcpy
     0000FFFF  _ROM_bank_to_be_mapped_on_slot2    SMSlib_VRAMmemcpy

ASxxxx Linker V03.00 + NoICE + sdld,  page 3.
Hexadecimal  [32-Bits]

Area                                    Addr        Size        Decimal Bytes (Attributes)
--------------------------------        ----        ----        ------- ----- ------------
_CODE                               00000200    000056C5 =       22213. bytes (REL,CON)

      Value  Global                              Global Defined In Module
      -----  --------------------------------   ------------------------
     00000200  _font_1bpp                         data
     00000500  _draw_meta_sprite                  actor
     000005B2  _init_actor                        actor
     0000073B  _move_actor                        actor
     000009EC  _draw_actor                        actor
     00000AC6  _wait_frames                       actor
     00000AD1  _clear_sprites                     actor
     00004F1A  _main                              pocket_platformer
     00004FBE  _PSGStop                           PSGlib
     00004FE5  _PSGResume                         PSGlib
     00005031  _PSGPlay                           PSGlib
     0000505E  _PSGCancelLoop                     PSGlib
     00005064  _PSGPlayNoRepeat                   PSGlib
     00005073  _PSGGetStatus                      PSGlib
     0000507B  _PSGSilenceChannels                PSGlib
     0000508C  _PSGRestoreVolumes                 PSGlib
     0000518B  _PSGSetMusicVolumeAttenuation      PSGlib
     0000527A  _PSGSFXStop                        PSGlib
     00005344  _PSGSFXPlay                        PSGlib
     00005391  _PSGSFXCancelLoop                  PSGlib
     00005397  _PSGSFXGetStatus                   PSGlib
     0000539F  _PSGSFXPlayLoop                    PSGlib
     000053C0  _PSGFrame                          PSGlib
     000054D9  _PSGSFXFrame                       PSGlib
     0000555F  _SMS_init                          SMSlib
     00005591  _VDPReg_init                       SMSlib
     0000559C  _SMS_VDPturnOnFeature              SMSlib
     000055B1  _SMS_VDPturnOffFeature             SMSlib
     000055C9  _SMS_setBGScrollX                  SMSlib
     000055D3  _SMS_setBGScrollY                  SMSlib
     000055DD  _SMS_setBackdropColor              SMSlib
     000055E7  _SMS_useFirstHalfTilesforSprites   SMSlib
     000055FD  _SMS_setSpriteMode                 SMSlib
     0000564A  _SMS_setBGPaletteColor             SMSlib
     00005657  _SMS_setSpritePaletteColor         SMSlib
     00005664  _SMS_loadBGPalette                 SMSlib
     00005678  _SMS_loadSpritePalette             SMSlib
     0000568C  _SMS_setColor                      SMSlib
     00005690  _SMS_waitForVBlank                 SMSlib
     0000569D  _SMS_getKeysStatus                 SMSlib
     000056A2  _SMS_getKeysPressed                SMSlib
     000056B7  _SMS_getKeysHeld                   SMSlib
     000056CA  _SMS_getKeysReleased               SMSlib
     000056E3  _SMS_queryPauseRequested           SMSlib
     000056E7  _SMS_resetPauseRequest             SMSlib
     000056ED  _SMS_setFrameInterruptHandler      SMSlib
     000056F1  _SMS_setLineInterruptHandler       SMSlib
     000056F5  _SMS_setLineCounter                SMSlib
     000056FF  _SMS_getVCount                     SMSlib
     00005709  _SMS_isr                           SMSlib
ASxxxx Linker V03.00 + NoICE + sdld,  page 4.
Hexadecimal  [32-Bits]

Area                                    Addr        Size        Decimal Bytes (Attributes)
--------------------------------        ----        ----        ------- ----- ------------
_CODE                               00000200    000056C5 =       22213. bytes (REL,CON)

      Value  Global                              Global Defined In Module
      -----  --------------------------------   ------------------------
     00005748  _SMS_nmi_isr                       SMSlib
     00005751  _SMS_load1bppTiles                 SMSlib_load1bppTiles
     000057B3  _SMS_VRAMmemset_f                  SMSlib_VRAMmemset
     000057CF  _SMS_VRAMmemsetW                   SMSlib_VRAMmemset
     000057E2  _SMS_zeroBGPalette                 SMSlib_paletteZero
     000057F6  _SMS_zeroSpritePalette             SMSlib_paletteZero
     0000580A  _SMS_configureTextRenderer         SMSlib_textrenderer
     0000580E  _putchar                           SMSlib_textrenderer
     00005816  _SMS_initSprites                   SMSlib_sprite
     0000581C  _SMS_addSprite_f                   SMSlib_sprite
     00005847  _SMS_copySpritestoSAT              SMSlib_sprite
     0000587B  __mulint                           
     0000587D  __mul16                            
     00005892  _SMS_putchar                       SMSlib_string
     0000589C  _SMS_print                         SMSlib_string
     000058AC  ___sdcc_call_hl                    
     000058AD  _SMS_finalizeSprites               SMSlib_deprecated
     000058AE  _SMS_VRAMmemcpy                    SMSlib_VRAMmemcpy

ASxxxx Linker V03.00 + NoICE + sdld,  page 5.
Hexadecimal  [32-Bits]

Area                                    Addr        Size        Decimal Bytes (Attributes)
--------------------------------        ----        ----        ------- ----- ------------
_HEADER0                            00000000    00000008 =           8. bytes (ABS,CON)

      Value  Global                              Global Defined In Module
      -----  --------------------------------   ------------------------
ASxxxx Linker V03.00 + NoICE + sdld,  page 6.
Hexadecimal  [32-Bits]

Area                                    Addr        Size        Decimal Bytes (Attributes)
--------------------------------        ----        ----        ------- ----- ------------
_HEADER1                            00000000    00000009 =           9. bytes (ABS,CON)

      Value  Global                              Global Defined In Module
      -----  --------------------------------   ------------------------
     00000008  _SMS_crt0_RST08                    crt0

ASxxxx Linker V03.00 + NoICE + sdld,  page 7.
Hexadecimal  [32-Bits]

Area                                    Addr        Size        Decimal Bytes (Attributes)
--------------------------------        ----        ----        ------- ----- ------------
_HEADER2                            00000000    0000001F =          31. bytes (ABS,CON)

      Value  Global                              Global Defined In Module
      -----  --------------------------------   ------------------------
     00000018  _SMS_crt0_RST18                    crt0
     0000002F  get_bank                           crt0
     00000033  set_bank                           crt0
ASxxxx Linker V03.00 + NoICE + sdld,  page 8.
Hexadecimal  [32-Bits]

Area                                    Addr        Size        Decimal Bytes (Attributes)
--------------------------------        ----        ----        ------- ----- ------------
_HEADER3                            00000000    0000002B =          43. bytes (ABS,CON)

      Value  Global                              Global Defined In Module
      -----  --------------------------------   ------------------------
ASxxxx Linker V03.00 + NoICE + sdld,  page 9.
Hexadecimal  [32-Bits]

Area                                    Addr        Size        Decimal Bytes (Attributes)
--------------------------------        ----        ----        ------- ----- ------------
_HEADER4                            00000000    00000104 =         260. bytes (ABS,CON)

      Value  Global                              Global Defined In Module
      -----  --------------------------------   ------------------------
     00000069  _OUTI128                           crt0
     000000A9  _OUTI96                            crt0
     000000E9  _OUTI64                            crt0
     00000129  _OUTI32                            crt0
     00000169  _outi_block                        crt0

ASxxxx Linker V03.00 + NoICE + sdld,  page 10.
Hexadecimal  [32-Bits]

Area                                    Addr        Size        Decimal Bytes (Attributes)
--------------------------------        ----        ----        ------- ----- ------------
_HOME                               000058C5    000001F5 =         501. bytes (REL,CON)

      Value  Global                              Global Defined In Module
      -----  --------------------------------   ------------------------
     000058C5  __divslong                         _divslong
     00005955  __divulong                         _divulong
     000059CF  __mullong                          _mullong
ASxxxx Linker V03.00 + NoICE + sdld,  page 11.
Hexadecimal  [32-Bits]

Area                                    Addr        Size        Decimal Bytes (Attributes)
--------------------------------        ----        ----        ------- ----- ------------
_INITIALIZER                        00005ABA    00000007 =           7. bytes (REL,CON)

      Value  Global                              Global Defined In Module
      -----  --------------------------------   ------------------------
ASxxxx Linker V03.00 + NoICE + sdld,  page 12.
Hexadecimal  [32-Bits]

Area                                    Addr        Size        Decimal Bytes (Attributes)
--------------------------------        ----        ----        ------- ----- ------------
_GSINIT                             00005AC1    0000000F =          15. bytes (REL,CON)

      Value  Global                              Global Defined In Module
      -----  --------------------------------   ------------------------
     00005AC1  crt0_gsinit                        crt0

ASxxxx Linker V03.00 + NoICE + sdld,  page 13.
Hexadecimal  [32-Bits]

Area                                    Addr        Size        Decimal Bytes (Attributes)
--------------------------------        ----        ----        ------- ----- ------------
_GSFINAL                            00005AD0    00000001 =           1. bytes (REL,CON)

      Value  Global                              Global Defined In Module
      -----  --------------------------------   ------------------------
ASxxxx Linker V03.00 + NoICE + sdld,  page 14.
Hexadecimal  [32-Bits]

Area                                    Addr        Size        Decimal Bytes (Attributes)
--------------------------------        ----        ----        ------- ----- ------------
_DATA                               0000C000    0000085D =        2141. bytes (REL,CON)

      Value  Global                              Global Defined In Module
      -----  --------------------------------   ------------------------
     0000C769  _PSGMusicStatus                    PSGlib
     0000C76A  _PSGMusicStart                     PSGlib
     0000C76C  _PSGMusicPointer                   PSGlib
     0000C76E  _PSGMusicLoopPoint                 PSGlib
     0000C770  _PSGMusicSkipFrames                PSGlib
     0000C771  _PSGLoopFlag                       PSGlib
     0000C772  _PSGMusicLastLatch                 PSGlib
     0000C773  _PSGMusicVolumeAttenuation         PSGlib
     0000C774  _PSGMusicSubstringLen              PSGlib
     0000C775  _PSGMusicSubstringRetAddr          PSGlib
     0000C777  _PSGChan0Volume                    PSGlib
     0000C778  _PSGChan1Volume                    PSGlib
     0000C779  _PSGChan2Volume                    PSGlib
     0000C77A  _PSGChan3Volume                    PSGlib
     0000C77B  _PSGChan2LowTone                   PSGlib
     0000C77C  _PSGChan2HighTone                  PSGlib
     0000C77D  _PSGChan3LowTone                   PSGlib
     0000C77E  _PSGChannel2SFX                    PSGlib
     0000C77F  _PSGChannel3SFX                    PSGlib
     0000C780  _PSGSFXChan2Volume                 PSGlib
     0000C781  _PSGSFXChan3Volume                 PSGlib
     0000C782  _PSGSFXStatus                      PSGlib
     0000C783  _PSGSFXStart                       PSGlib
     0000C785  _PSGSFXPointer                     PSGlib
     0000C787  _PSGSFXLoopPoint                   PSGlib
     0000C789  _PSGSFXSkipFrames                  PSGlib
     0000C78A  _PSGSFXLoopFlag                    PSGlib
     0000C78B  _PSGSFXSubstringLen                PSGlib
     0000C78C  _PSGSFXSubstringRetAddr            PSGlib
     0000C78E  _VDPBlank                          SMSlib
     0000C78F  _SMS_VDPFlags                      SMSlib
     0000C790  _PauseRequested                    SMSlib
     0000C791  _SMS_Port3EBIOSvalue               SMSlib
     0000C792  _SMS_theFrameInterruptHandler      SMSlib
     0000C794  _KeysStatus                        SMSlib
     0000C796  _PreviousKeysStatus                SMSlib
     0000C798  _SMS_theLineInterruptHandler       SMSlib
     0000C79A  _SMS_TextRenderer_offset           SMSlib_textrenderer
     0000C79C  _SpriteTableY                      SMSlib_sprite
     0000C7DC  _SpriteTableXN                     SMSlib_sprite
     0000C85C  _SpriteNextFree                    SMSlib_sprite

ASxxxx Linker V03.00 + NoICE + sdld,  page 15.
Hexadecimal  [32-Bits]

Area                                    Addr        Size        Decimal Bytes (Attributes)
--------------------------------        ----        ----        ------- ----- ------------
_INITIALIZED                        0000C85D    00000007 =           7. bytes (REL,CON)

      Value  Global                              Global Defined In Module
      -----  --------------------------------   ------------------------
     0000C85D  _font_1bpp_size                    data
     0000C85F  _VDPReg                            SMSlib
     0000C861  _spritesHeight                     SMSlib
     0000C862  _spritesWidth                      SMSlib
     0000C863  _spritesTileOffset                 SMSlib

ASxxxx Linker V03.00 + NoICE + sdld,  page 16.
Hexadecimal  [32-Bits]

Area                                    Addr        Size        Decimal Bytes (Attributes)
--------------------------------        ----        ----        ------- ----- ------------
_CABS0                              00000000    00000010 =          16. bytes (ABS,CON)

      Value  Global                              Global Defined In Module
      -----  --------------------------------   ------------------------
     00007FF0  ___SMS__SEGA_signature             pocket_platformer

ASxxxx Linker V03.00 + NoICE + sdld,  page 17.
Hexadecimal  [32-Bits]

Area                                    Addr        Size        Decimal Bytes (Attributes)
--------------------------------        ----        ----        ------- ----- ------------
_CABS1                              00000000    00000016 =          22. bytes (ABS,CON)

      Value  Global                              Global Defined In Module
      -----  --------------------------------   ------------------------
     00007FCA  ___SMS__SDSC_author                pocket_platformer

ASxxxx Linker V03.00 + NoICE + sdld,  page 18.
Hexadecimal  [32-Bits]

Area                                    Addr        Size        Decimal Bytes (Attributes)
--------------------------------        ----        ----        ------- ----- ------------
_CABS2                              00000000    0000001D =          29. bytes (ABS,CON)

      Value  Global                              Global Defined In Module
      -----  --------------------------------   ------------------------
     00007FAD  ___SMS__SDSC_name                  pocket_platformer

ASxxxx Linker V03.00 + NoICE + sdld,  page 19.
Hexadecimal  [32-Bits]

Area                                    Addr        Size        Decimal Bytes (Attributes)
--------------------------------        ----        ----        ------- ----- ------------
_CABS3                              00000000    00000034 =          52. bytes (ABS,CON)

      Value  Global                              Global Defined In Module
      -----  --------------------------------   ------------------------
     00007F79  ___SMS__SDSC_descr                 pocket_platformer

ASxxxx Linker V03.00 + NoICE + sdld,  page 20.
Hexadecimal  [32-Bits]

Area                                    Addr        Size        Decimal Bytes (Attributes)
--------------------------------        ----        ----        ------- ----- ------------
_CABS4                              00000000    00000010 =          16. bytes (ABS,CON)

      Value  Global                              Global Defined In Module
      -----  --------------------------------   ------------------------
     00007FE0  ___SMS__SDSC_signature             pocket_platformer

ASxxxx Linker V03.00 + NoICE + sdld,  page 21.

Files Linked                              [ module(s) ]

lib/crt0_sms.rel                          [ crt0 ]
data.rel                                  [ data ]
actor.rel                                 [ actor ]
pocket_platformer.rel                     [ pocket_platformer ]
lib/PSGlib.rel                            [ PSGlib ]


Libraries Linked                          [ object file ]

lib/SMSlib.lib                            [ SMSlib.rel ]
lib/SMSlib.lib                            [ SMSlib_load1bppTiles.rel ]
lib/SMSlib.lib                            [ SMSlib_VRAMmemset.rel ]
lib/SMSlib.lib                            [ SMSlib_paletteZero.rel ]
lib/SMSlib.lib                            [ SMSlib_textrenderer.rel ]
lib/SMSlib.lib                            [ SMSlib_sprite.rel ]
/usr/bin/../share/sdcc/lib/z80/z80.lib    [ mul.rel ]
lib/SMSlib.lib                            [ SMSlib_string.rel ]
/usr/bin/../share/sdcc/lib/z80/z80.lib    [ _divslong.rel ]
/usr/bin/../share/sdcc/lib/z80/z80.lib    [ _divulong.rel ]
/usr/bin/../share/sdcc/lib/z80/z80.lib    [ __sdcc_call_hl.rel ]
lib/SMSlib.lib                            [ SMSlib_deprecated.rel ]
lib/SMSlib.lib                            [ SMSlib_VRAMmemcpy.rel ]
/usr/bin/../share/sdcc/lib/z80/z80.lib    [ _mullong.rel ]

ASxxxx Linker V03.00 + NoICE + sdld,  page 22.

User Base Address Definitions

_CODE = 0x0200
_DATA = 0xc000

