ASxxxx Linker V03.00 + NoICE + sdld,  page 1.
Hexadecimal  [32-Bits]

Area                                    Addr        Size        Decimal Bytes (Attributes)
--------------------------------        ----        ----        ------- ----- ------------
.  .ABS.                            00000000    00000000 =           0. bytes (ABS,CON)

      Value  Global                              Global Defined In Module
      -----  --------------------------------   ------------------------
     00000000  .__.ABS.                           _mullong
     00000000  l__BSEG                         
     00000000  l__BSS                          
     00000000  l__CABS                         
     00000000  l__DABS                         
     00000000  l__HEADER                       
     00000000  l__HEAP                         
     00000000  s__CABS                         
     00000000  s__CABS0                        
     00000000  s__CABS1                        
     00000000  s__CABS2                        
     00000000  s__CABS3                        
     00000000  s__CABS4                        
     00000000  s__DABS                         
     00000000  s__HEADER                       
     00000000  s__HEADER0                      
     00000000  s__HEADER1                      
     00000000  s__HEADER2                      
     00000000  s__HEADER3                      
     00000000  s__HEADER4                      
     00000001  l__GSFINAL                      
     00000007  l__INITIALIZED                  
     00000007  l__INITIALIZER                  
     00000008  l__HEADER0                      
     00000009  l__HEADER1                      
     0000000F  l__GSINIT                       
     00000010  l__CABS0                        
     00000010  l__CABS4                        
     00000016  l__CABS1                        
     0000001D  l__CABS2                        
     0000001F  l__HEADER2                      
     0000002B  l__HEADER3                      
     00000034  l__CABS3                        
     00000104  l__HEADER4                      
     000001F5  l__HOME                         
     00000200  s__CODE                         
     0000085C  l__DATA                         
     00005591  l__CODE                         
     00005791  s__HOME                         
     00005986  s__INITIALIZER                  
     0000598D  s__GSINIT                       
     0000599C  s__GSFINAL                      
     00008000  _SMS_SRAM                          SMSlib_VRAMmemcpy
     0000C000  s__DATA                         
     0000C85C  s__INITIALIZED                  
     0000C863  s__BSEG                         
     0000C863  s__BSS                          
     0000C863  s__HEAP                         
     0000FFFC  _SRAM_bank_to_be_mapped_on_slot2   SMSlib_VRAMmemcpy
     0000FFFD  _ROM_bank_to_be_mapped_on_slot0    SMSlib_VRAMmemcpy
ASxxxx Linker V03.00 + NoICE + sdld,  page 2.
Hexadecimal  [32-Bits]

Area                                    Addr        Size        Decimal Bytes (Attributes)
--------------------------------        ----        ----        ------- ----- ------------
.  .ABS.                            00000000    00000000 =           0. bytes (ABS,CON)

      Value  Global                              Global Defined In Module
      -----  --------------------------------   ------------------------
     0000FFFE  _ROM_bank_to_be_mapped_on_slot1    SMSlib_VRAMmemcpy
     0000FFFF  _ROM_bank_to_be_mapped_on_slot2    SMSlib_VRAMmemcpy

ASxxxx Linker V03.00 + NoICE + sdld,  page 3.
Hexadecimal  [32-Bits]

Area                                    Addr        Size        Decimal Bytes (Attributes)
--------------------------------        ----        ----        ------- ----- ------------
_CODE                               00000200    00005591 =       21905. bytes (REL,CON)

      Value  Global                              Global Defined In Module
      -----  --------------------------------   ------------------------
     00000200  _font_1bpp                         data
     00000500  _draw_meta_sprite                  actor
     000005B2  _init_actor                        actor
     0000073B  _move_actor                        actor
     000009EC  _draw_actor                        actor
     00000AC6  _wait_frames                       actor
     00000AD1  _clear_sprites                     actor
     00004DE6  _main                              pocket_platformer
     00004E8A  _PSGStop                           PSGlib
     00004EB1  _PSGResume                         PSGlib
     00004EFD  _PSGPlay                           PSGlib
     00004F2A  _PSGCancelLoop                     PSGlib
     00004F30  _PSGPlayNoRepeat                   PSGlib
     00004F3F  _PSGGetStatus                      PSGlib
     00004F47  _PSGSilenceChannels                PSGlib
     00004F58  _PSGRestoreVolumes                 PSGlib
     00005057  _PSGSetMusicVolumeAttenuation      PSGlib
     00005146  _PSGSFXStop                        PSGlib
     00005210  _PSGSFXPlay                        PSGlib
     0000525D  _PSGSFXCancelLoop                  PSGlib
     00005263  _PSGSFXGetStatus                   PSGlib
     0000526B  _PSGSFXPlayLoop                    PSGlib
     0000528C  _PSGFrame                          PSGlib
     000053A5  _PSGSFXFrame                       PSGlib
     0000542B  _SMS_init                          SMSlib
     0000545D  _VDPReg_init                       SMSlib
     00005468  _SMS_VDPturnOnFeature              SMSlib
     0000547D  _SMS_VDPturnOffFeature             SMSlib
     00005495  _SMS_setBGScrollX                  SMSlib
     0000549F  _SMS_setBGScrollY                  SMSlib
     000054A9  _SMS_setBackdropColor              SMSlib
     000054B3  _SMS_useFirstHalfTilesforSprites   SMSlib
     000054C9  _SMS_setSpriteMode                 SMSlib
     00005516  _SMS_setBGPaletteColor             SMSlib
     00005523  _SMS_setSpritePaletteColor         SMSlib
     00005530  _SMS_loadBGPalette                 SMSlib
     00005544  _SMS_loadSpritePalette             SMSlib
     00005558  _SMS_setColor                      SMSlib
     0000555C  _SMS_waitForVBlank                 SMSlib
     00005569  _SMS_getKeysStatus                 SMSlib
     0000556E  _SMS_getKeysPressed                SMSlib
     00005583  _SMS_getKeysHeld                   SMSlib
     00005596  _SMS_getKeysReleased               SMSlib
     000055AF  _SMS_queryPauseRequested           SMSlib
     000055B3  _SMS_resetPauseRequest             SMSlib
     000055B9  _SMS_setFrameInterruptHandler      SMSlib
     000055BD  _SMS_setLineInterruptHandler       SMSlib
     000055C1  _SMS_setLineCounter                SMSlib
     000055CB  _SMS_getVCount                     SMSlib
     000055D5  _SMS_isr                           SMSlib
ASxxxx Linker V03.00 + NoICE + sdld,  page 4.
Hexadecimal  [32-Bits]

Area                                    Addr        Size        Decimal Bytes (Attributes)
--------------------------------        ----        ----        ------- ----- ------------
_CODE                               00000200    00005591 =       21905. bytes (REL,CON)

      Value  Global                              Global Defined In Module
      -----  --------------------------------   ------------------------
     00005614  _SMS_nmi_isr                       SMSlib
     0000561D  _SMS_load1bppTiles                 SMSlib_load1bppTiles
     0000567F  _SMS_VRAMmemset_f                  SMSlib_VRAMmemset
     0000569B  _SMS_VRAMmemsetW                   SMSlib_VRAMmemset
     000056AE  _SMS_zeroBGPalette                 SMSlib_paletteZero
     000056C2  _SMS_zeroSpritePalette             SMSlib_paletteZero
     000056D6  _SMS_configureTextRenderer         SMSlib_textrenderer
     000056DA  _putchar                           SMSlib_textrenderer
     000056E2  _SMS_initSprites                   SMSlib_sprite
     000056E8  _SMS_addSprite_f                   SMSlib_sprite
     00005713  _SMS_copySpritestoSAT              SMSlib_sprite
     00005747  __mulint                           
     00005749  __mul16                            
     0000575E  _SMS_putchar                       SMSlib_string
     00005768  _SMS_print                         SMSlib_string
     00005778  ___sdcc_call_hl                    
     00005779  _SMS_finalizeSprites               SMSlib_deprecated
     0000577A  _SMS_VRAMmemcpy                    SMSlib_VRAMmemcpy

ASxxxx Linker V03.00 + NoICE + sdld,  page 5.
Hexadecimal  [32-Bits]

Area                                    Addr        Size        Decimal Bytes (Attributes)
--------------------------------        ----        ----        ------- ----- ------------
_HEADER0                            00000000    00000008 =           8. bytes (ABS,CON)

      Value  Global                              Global Defined In Module
      -----  --------------------------------   ------------------------
ASxxxx Linker V03.00 + NoICE + sdld,  page 6.
Hexadecimal  [32-Bits]

Area                                    Addr        Size        Decimal Bytes (Attributes)
--------------------------------        ----        ----        ------- ----- ------------
_HEADER1                            00000000    00000009 =           9. bytes (ABS,CON)

      Value  Global                              Global Defined In Module
      -----  --------------------------------   ------------------------
     00000008  _SMS_crt0_RST08                    crt0

ASxxxx Linker V03.00 + NoICE + sdld,  page 7.
Hexadecimal  [32-Bits]

Area                                    Addr        Size        Decimal Bytes (Attributes)
--------------------------------        ----        ----        ------- ----- ------------
_HEADER2                            00000000    0000001F =          31. bytes (ABS,CON)

      Value  Global                              Global Defined In Module
      -----  --------------------------------   ------------------------
     00000018  _SMS_crt0_RST18                    crt0
     0000002F  get_bank                           crt0
     00000033  set_bank                           crt0
ASxxxx Linker V03.00 + NoICE + sdld,  page 8.
Hexadecimal  [32-Bits]

Area                                    Addr        Size        Decimal Bytes (Attributes)
--------------------------------        ----        ----        ------- ----- ------------
_HEADER3                            00000000    0000002B =          43. bytes (ABS,CON)

      Value  Global                              Global Defined In Module
      -----  --------------------------------   ------------------------
ASxxxx Linker V03.00 + NoICE + sdld,  page 9.
Hexadecimal  [32-Bits]

Area                                    Addr        Size        Decimal Bytes (Attributes)
--------------------------------        ----        ----        ------- ----- ------------
_HEADER4                            00000000    00000104 =         260. bytes (ABS,CON)

      Value  Global                              Global Defined In Module
      -----  --------------------------------   ------------------------
     00000069  _OUTI128                           crt0
     000000A9  _OUTI96                            crt0
     000000E9  _OUTI64                            crt0
     00000129  _OUTI32                            crt0
     00000169  _outi_block                        crt0

ASxxxx Linker V03.00 + NoICE + sdld,  page 10.
Hexadecimal  [32-Bits]

Area                                    Addr        Size        Decimal Bytes (Attributes)
--------------------------------        ----        ----        ------- ----- ------------
_HOME                               00005791    000001F5 =         501. bytes (REL,CON)

      Value  Global                              Global Defined In Module
      -----  --------------------------------   ------------------------
     00005791  __divslong                         _divslong
     00005821  __divulong                         _divulong
     0000589B  __mullong                          _mullong
ASxxxx Linker V03.00 + NoICE + sdld,  page 11.
Hexadecimal  [32-Bits]

Area                                    Addr        Size        Decimal Bytes (Attributes)
--------------------------------        ----        ----        ------- ----- ------------
_INITIALIZER                        00005986    00000007 =           7. bytes (REL,CON)

      Value  Global                              Global Defined In Module
      -----  --------------------------------   ------------------------
ASxxxx Linker V03.00 + NoICE + sdld,  page 12.
Hexadecimal  [32-Bits]

Area                                    Addr        Size        Decimal Bytes (Attributes)
--------------------------------        ----        ----        ------- ----- ------------
_GSINIT                             0000598D    0000000F =          15. bytes (REL,CON)

      Value  Global                              Global Defined In Module
      -----  --------------------------------   ------------------------
     0000598D  crt0_gsinit                        crt0

ASxxxx Linker V03.00 + NoICE + sdld,  page 13.
Hexadecimal  [32-Bits]

Area                                    Addr        Size        Decimal Bytes (Attributes)
--------------------------------        ----        ----        ------- ----- ------------
_GSFINAL                            0000599C    00000001 =           1. bytes (REL,CON)

      Value  Global                              Global Defined In Module
      -----  --------------------------------   ------------------------
ASxxxx Linker V03.00 + NoICE + sdld,  page 14.
Hexadecimal  [32-Bits]

Area                                    Addr        Size        Decimal Bytes (Attributes)
--------------------------------        ----        ----        ------- ----- ------------
_DATA                               0000C000    0000085C =        2140. bytes (REL,CON)

      Value  Global                              Global Defined In Module
      -----  --------------------------------   ------------------------
     0000C768  _PSGMusicStatus                    PSGlib
     0000C769  _PSGMusicStart                     PSGlib
     0000C76B  _PSGMusicPointer                   PSGlib
     0000C76D  _PSGMusicLoopPoint                 PSGlib
     0000C76F  _PSGMusicSkipFrames                PSGlib
     0000C770  _PSGLoopFlag                       PSGlib
     0000C771  _PSGMusicLastLatch                 PSGlib
     0000C772  _PSGMusicVolumeAttenuation         PSGlib
     0000C773  _PSGMusicSubstringLen              PSGlib
     0000C774  _PSGMusicSubstringRetAddr          PSGlib
     0000C776  _PSGChan0Volume                    PSGlib
     0000C777  _PSGChan1Volume                    PSGlib
     0000C778  _PSGChan2Volume                    PSGlib
     0000C779  _PSGChan3Volume                    PSGlib
     0000C77A  _PSGChan2LowTone                   PSGlib
     0000C77B  _PSGChan2HighTone                  PSGlib
     0000C77C  _PSGChan3LowTone                   PSGlib
     0000C77D  _PSGChannel2SFX                    PSGlib
     0000C77E  _PSGChannel3SFX                    PSGlib
     0000C77F  _PSGSFXChan2Volume                 PSGlib
     0000C780  _PSGSFXChan3Volume                 PSGlib
     0000C781  _PSGSFXStatus                      PSGlib
     0000C782  _PSGSFXStart                       PSGlib
     0000C784  _PSGSFXPointer                     PSGlib
     0000C786  _PSGSFXLoopPoint                   PSGlib
     0000C788  _PSGSFXSkipFrames                  PSGlib
     0000C789  _PSGSFXLoopFlag                    PSGlib
     0000C78A  _PSGSFXSubstringLen                PSGlib
     0000C78B  _PSGSFXSubstringRetAddr            PSGlib
     0000C78D  _VDPBlank                          SMSlib
     0000C78E  _SMS_VDPFlags                      SMSlib
     0000C78F  _PauseRequested                    SMSlib
     0000C790  _SMS_Port3EBIOSvalue               SMSlib
     0000C791  _SMS_theFrameInterruptHandler      SMSlib
     0000C793  _KeysStatus                        SMSlib
     0000C795  _PreviousKeysStatus                SMSlib
     0000C797  _SMS_theLineInterruptHandler       SMSlib
     0000C799  _SMS_TextRenderer_offset           SMSlib_textrenderer
     0000C79B  _SpriteTableY                      SMSlib_sprite
     0000C7DB  _SpriteTableXN                     SMSlib_sprite
     0000C85B  _SpriteNextFree                    SMSlib_sprite

ASxxxx Linker V03.00 + NoICE + sdld,  page 15.
Hexadecimal  [32-Bits]

Area                                    Addr        Size        Decimal Bytes (Attributes)
--------------------------------        ----        ----        ------- ----- ------------
_INITIALIZED                        0000C85C    00000007 =           7. bytes (REL,CON)

      Value  Global                              Global Defined In Module
      -----  --------------------------------   ------------------------
     0000C85C  _font_1bpp_size                    data
     0000C85E  _VDPReg                            SMSlib
     0000C860  _spritesHeight                     SMSlib
     0000C861  _spritesWidth                      SMSlib
     0000C862  _spritesTileOffset                 SMSlib

ASxxxx Linker V03.00 + NoICE + sdld,  page 16.
Hexadecimal  [32-Bits]

Area                                    Addr        Size        Decimal Bytes (Attributes)
--------------------------------        ----        ----        ------- ----- ------------
_CABS0                              00000000    00000010 =          16. bytes (ABS,CON)

      Value  Global                              Global Defined In Module
      -----  --------------------------------   ------------------------
     00007FF0  ___SMS__SEGA_signature             pocket_platformer

ASxxxx Linker V03.00 + NoICE + sdld,  page 17.
Hexadecimal  [32-Bits]

Area                                    Addr        Size        Decimal Bytes (Attributes)
--------------------------------        ----        ----        ------- ----- ------------
_CABS1                              00000000    00000016 =          22. bytes (ABS,CON)

      Value  Global                              Global Defined In Module
      -----  --------------------------------   ------------------------
     00007FCA  ___SMS__SDSC_author                pocket_platformer

ASxxxx Linker V03.00 + NoICE + sdld,  page 18.
Hexadecimal  [32-Bits]

Area                                    Addr        Size        Decimal Bytes (Attributes)
--------------------------------        ----        ----        ------- ----- ------------
_CABS2                              00000000    0000001D =          29. bytes (ABS,CON)

      Value  Global                              Global Defined In Module
      -----  --------------------------------   ------------------------
     00007FAD  ___SMS__SDSC_name                  pocket_platformer

ASxxxx Linker V03.00 + NoICE + sdld,  page 19.
Hexadecimal  [32-Bits]

Area                                    Addr        Size        Decimal Bytes (Attributes)
--------------------------------        ----        ----        ------- ----- ------------
_CABS3                              00000000    00000034 =          52. bytes (ABS,CON)

      Value  Global                              Global Defined In Module
      -----  --------------------------------   ------------------------
     00007F79  ___SMS__SDSC_descr                 pocket_platformer

ASxxxx Linker V03.00 + NoICE + sdld,  page 20.
Hexadecimal  [32-Bits]

Area                                    Addr        Size        Decimal Bytes (Attributes)
--------------------------------        ----        ----        ------- ----- ------------
_CABS4                              00000000    00000010 =          16. bytes (ABS,CON)

      Value  Global                              Global Defined In Module
      -----  --------------------------------   ------------------------
     00007FE0  ___SMS__SDSC_signature             pocket_platformer

ASxxxx Linker V03.00 + NoICE + sdld,  page 21.

Files Linked                              [ module(s) ]

lib/crt0_sms.rel                          [ crt0 ]
data.rel                                  [ data ]
actor.rel                                 [ actor ]
pocket_platformer.rel                     [ pocket_platformer ]
lib/PSGlib.rel                            [ PSGlib ]


Libraries Linked                          [ object file ]

lib/SMSlib.lib                            [ SMSlib.rel ]
lib/SMSlib.lib                            [ SMSlib_load1bppTiles.rel ]
lib/SMSlib.lib                            [ SMSlib_VRAMmemset.rel ]
lib/SMSlib.lib                            [ SMSlib_paletteZero.rel ]
lib/SMSlib.lib                            [ SMSlib_textrenderer.rel ]
lib/SMSlib.lib                            [ SMSlib_sprite.rel ]
/usr/bin/../share/sdcc/lib/z80/z80.lib    [ mul.rel ]
lib/SMSlib.lib                            [ SMSlib_string.rel ]
/usr/bin/../share/sdcc/lib/z80/z80.lib    [ _divslong.rel ]
/usr/bin/../share/sdcc/lib/z80/z80.lib    [ _divulong.rel ]
/usr/bin/../share/sdcc/lib/z80/z80.lib    [ __sdcc_call_hl.rel ]
lib/SMSlib.lib                            [ SMSlib_deprecated.rel ]
lib/SMSlib.lib                            [ SMSlib_VRAMmemcpy.rel ]
/usr/bin/../share/sdcc/lib/z80/z80.lib    [ _mullong.rel ]

ASxxxx Linker V03.00 + NoICE + sdld,  page 22.

User Base Address Definitions

_CODE = 0x0200
_DATA = 0xc000

