ASxxxx Linker V03.00 + NoICE + sdld,  page 1.
Hexadecimal  [32-Bits]

Area                                    Addr        Size        Decimal Bytes (Attributes)
--------------------------------        ----        ----        ------- ----- ------------
.  .ABS.                            00000000    00000000 =           0. bytes (ABS,CON)

      Value  Global                              Global Defined In Module
      -----  --------------------------------   ------------------------
     00000000  .__.ABS.                           
     00000000  l__BSEG                         
     00000000  l__BSS                          
     00000000  l__CABS                         
     00000000  l__DABS                         
     00000000  l__HEADER                       
     00000000  l__HEAP                         
     00000000  s__CABS                         
     00000000  s__CABS0                        
     00000000  s__CABS1                        
     00000000  s__CABS2                        
     00000000  s__CABS3                        
     00000000  s__CABS4                        
     00000000  s__DABS                         
     00000000  s__HEADER                       
     00000000  s__HEADER0                      
     00000000  s__HEADER1                      
     00000000  s__HEADER2                      
     00000000  s__HEADER3                      
     00000000  s__HEADER4                      
     00000001  l__GSFINAL                      
     00000008  l__HEADER0                      
     00000009  l__HEADER1                      
     0000000F  l__GSINIT                       
     0000000F  l__INITIALIZED                  
     0000000F  l__INITIALIZER                  
     00000010  l__CABS0                        
     00000010  l__CABS4                        
     00000016  l__CABS1                        
     0000001D  l__CABS2                        
     0000001F  l__HEADER2                      
     0000002B  l__HEADER3                      
     00000034  l__CABS3                        
     00000104  l__HEADER4                      
     000001F5  l__HOME                         
     00000200  s__CODE                         
     000009C1  l__DATA                         
     00007085  l__CODE                         
     00007285  s__HOME                         
     0000747A  s__INITIALIZER                  
     00007489  s__GSINIT                       
     00007498  s__GSFINAL                      
     00008000  _SMS_SRAM                          SMSlib_VRAMmemcpy
     0000C000  s__DATA                         
     0000C9C1  s__INITIALIZED                  
     0000C9D0  s__BSEG                         
     0000C9D0  s__BSS                          
     0000C9D0  s__HEAP                         
     0000FFFC  _SRAM_bank_to_be_mapped_on_slot2   SMSlib_VRAMmemcpy
     0000FFFD  _ROM_bank_to_be_mapped_on_slot0    SMSlib_VRAMmemcpy
ASxxxx Linker V03.00 + NoICE + sdld,  page 2.
Hexadecimal  [32-Bits]

Area                                    Addr        Size        Decimal Bytes (Attributes)
--------------------------------        ----        ----        ------- ----- ------------
.  .ABS.                            00000000    00000000 =           0. bytes (ABS,CON)

      Value  Global                              Global Defined In Module
      -----  --------------------------------   ------------------------
     0000FFFE  _ROM_bank_to_be_mapped_on_slot1    SMSlib_VRAMmemcpy
     0000FFFF  _ROM_bank_to_be_mapped_on_slot2    SMSlib_VRAMmemcpy

ASxxxx Linker V03.00 + NoICE + sdld,  page 3.
Hexadecimal  [32-Bits]

Area                                    Addr        Size        Decimal Bytes (Attributes)
--------------------------------        ----        ----        ------- ----- ------------
_CODE                               00000200    00007085 =       28805. bytes (REL,CON)

      Value  Global                              Global Defined In Module
      -----  --------------------------------   ------------------------
     00000200  _font_1bpp                         data
     00000500  _draw_meta_sprite                  actor
     000005B2  _init_actor                        actor
     0000073B  _move_actor                        actor
     000009EC  _draw_actor                        actor
     00000AC6  _wait_frames                       actor
     00000AD1  _clear_sprites                     actor
     00006860  _main                              pocket_platformer
     00006904  _PSGStop                           PSGlib
     0000692B  _PSGResume                         PSGlib
     00006977  _PSGPlay                           PSGlib
     000069A4  _PSGCancelLoop                     PSGlib
     000069AA  _PSGPlayNoRepeat                   PSGlib
     000069B9  _PSGGetStatus                      PSGlib
     000069C1  _PSGSilenceChannels                PSGlib
     000069D2  _PSGRestoreVolumes                 PSGlib
     00006AD1  _PSGSetMusicVolumeAttenuation      PSGlib
     00006BC0  _PSGSFXStop                        PSGlib
     00006C8A  _PSGSFXPlay                        PSGlib
     00006CD7  _PSGSFXCancelLoop                  PSGlib
     00006CDD  _PSGSFXGetStatus                   PSGlib
     00006CE5  _PSGSFXPlayLoop                    PSGlib
     00006D06  _PSGFrame                          PSGlib
     00006E1F  _PSGSFXFrame                       PSGlib
     00006EA5  _SMS_init                          SMSlib
     00006ED7  _VDPReg_init                       SMSlib
     00006EE2  _SMS_VDPturnOnFeature              SMSlib
     00006EF7  _SMS_VDPturnOffFeature             SMSlib
     00006F0F  _SMS_setBGScrollX                  SMSlib
     00006F19  _SMS_setBGScrollY                  SMSlib
     00006F23  _SMS_setBackdropColor              SMSlib
     00006F2D  _SMS_useFirstHalfTilesforSprites   SMSlib
     00006F43  _SMS_setSpriteMode                 SMSlib
     00006F90  _SMS_setBGPaletteColor             SMSlib
     00006F9D  _SMS_setSpritePaletteColor         SMSlib
     00006FAA  _SMS_loadBGPalette                 SMSlib
     00006FBE  _SMS_loadSpritePalette             SMSlib
     00006FD2  _SMS_setColor                      SMSlib
     00006FD6  _SMS_waitForVBlank                 SMSlib
     00006FE3  _SMS_getKeysStatus                 SMSlib
     00006FE8  _SMS_getKeysPressed                SMSlib
     00006FFD  _SMS_getKeysHeld                   SMSlib
     00007010  _SMS_getKeysReleased               SMSlib
     00007029  _SMS_queryPauseRequested           SMSlib
     0000702D  _SMS_resetPauseRequest             SMSlib
     00007033  _SMS_setFrameInterruptHandler      SMSlib
     00007037  _SMS_setLineInterruptHandler       SMSlib
     0000703B  _SMS_setLineCounter                SMSlib
     00007045  _SMS_getVCount                     SMSlib
     0000704F  _SMS_isr                           SMSlib
ASxxxx Linker V03.00 + NoICE + sdld,  page 4.
Hexadecimal  [32-Bits]

Area                                    Addr        Size        Decimal Bytes (Attributes)
--------------------------------        ----        ----        ------- ----- ------------
_CODE                               00000200    00007085 =       28805. bytes (REL,CON)

      Value  Global                              Global Defined In Module
      -----  --------------------------------   ------------------------
     0000708E  _SMS_nmi_isr                       SMSlib
     00007097  _SMS_load1bppTiles                 SMSlib_load1bppTiles
     000070F9  _SMS_VRAMmemset_f                  SMSlib_VRAMmemset
     00007115  _SMS_VRAMmemsetW                   SMSlib_VRAMmemset
     00007128  _SMS_zeroBGPalette                 SMSlib_paletteZero
     0000713C  _SMS_zeroSpritePalette             SMSlib_paletteZero
     00007150  _SMS_configureTextRenderer         SMSlib_textrenderer
     00007154  _putchar                           SMSlib_textrenderer
     0000715C  _SMS_initSprites                   SMSlib_sprite
     00007162  _SMS_addSprite_f                   SMSlib_sprite
     0000718D  _SMS_copySpritestoSAT              SMSlib_sprite
     000071C1  __mulint                           
     000071C3  __mul16                            
     000071D8  _SMS_putchar                       SMSlib_string
     000071E2  _SMS_print                         SMSlib_string
     000071F2  ___sdcc_call_hl                    
     000071F3  _SMS_finalizeSprites               SMSlib_deprecated
     000071F4  _SMS_VRAMmemcpy                    SMSlib_VRAMmemcpy
     0000720B  __moduchar                         
     00007212  __moduint                          
     00007217  __divschar                         
     00007219  __div8                             
     0000721D  __div_signexte                     
     00007221  __div16                            
     00007221  __divsint                          
     00007247  __get_remainder                    
     00007251  __divuchar                         
     00007253  __divu8                            
     00007256  __divu16                           
     00007256  __divuint                          

ASxxxx Linker V03.00 + NoICE + sdld,  page 5.
Hexadecimal  [32-Bits]

Area                                    Addr        Size        Decimal Bytes (Attributes)
--------------------------------        ----        ----        ------- ----- ------------
_HEADER0                            00000000    00000008 =           8. bytes (ABS,CON)

      Value  Global                              Global Defined In Module
      -----  --------------------------------   ------------------------
ASxxxx Linker V03.00 + NoICE + sdld,  page 6.
Hexadecimal  [32-Bits]

Area                                    Addr        Size        Decimal Bytes (Attributes)
--------------------------------        ----        ----        ------- ----- ------------
_HEADER1                            00000000    00000009 =           9. bytes (ABS,CON)

      Value  Global                              Global Defined In Module
      -----  --------------------------------   ------------------------
     00000008  _SMS_crt0_RST08                    crt0

ASxxxx Linker V03.00 + NoICE + sdld,  page 7.
Hexadecimal  [32-Bits]

Area                                    Addr        Size        Decimal Bytes (Attributes)
--------------------------------        ----        ----        ------- ----- ------------
_HEADER2                            00000000    0000001F =          31. bytes (ABS,CON)

      Value  Global                              Global Defined In Module
      -----  --------------------------------   ------------------------
     00000018  _SMS_crt0_RST18                    crt0
     0000002F  get_bank                           crt0
     00000033  set_bank                           crt0
ASxxxx Linker V03.00 + NoICE + sdld,  page 8.
Hexadecimal  [32-Bits]

Area                                    Addr        Size        Decimal Bytes (Attributes)
--------------------------------        ----        ----        ------- ----- ------------
_HEADER3                            00000000    0000002B =          43. bytes (ABS,CON)

      Value  Global                              Global Defined In Module
      -----  --------------------------------   ------------------------
ASxxxx Linker V03.00 + NoICE + sdld,  page 9.
Hexadecimal  [32-Bits]

Area                                    Addr        Size        Decimal Bytes (Attributes)
--------------------------------        ----        ----        ------- ----- ------------
_HEADER4                            00000000    00000104 =         260. bytes (ABS,CON)

      Value  Global                              Global Defined In Module
      -----  --------------------------------   ------------------------
     00000069  _OUTI128                           crt0
     000000A9  _OUTI96                            crt0
     000000E9  _OUTI64                            crt0
     00000129  _OUTI32                            crt0
     00000169  _outi_block                        crt0

ASxxxx Linker V03.00 + NoICE + sdld,  page 10.
Hexadecimal  [32-Bits]

Area                                    Addr        Size        Decimal Bytes (Attributes)
--------------------------------        ----        ----        ------- ----- ------------
_HOME                               00007285    000001F5 =         501. bytes (REL,CON)

      Value  Global                              Global Defined In Module
      -----  --------------------------------   ------------------------
     00007285  __divslong                         _divslong
     00007315  __divulong                         _divulong
     0000738F  __mullong                          _mullong
ASxxxx Linker V03.00 + NoICE + sdld,  page 11.
Hexadecimal  [32-Bits]

Area                                    Addr        Size        Decimal Bytes (Attributes)
--------------------------------        ----        ----        ------- ----- ------------
_INITIALIZER                        0000747A    0000000F =          15. bytes (REL,CON)

      Value  Global                              Global Defined In Module
      -----  --------------------------------   ------------------------
ASxxxx Linker V03.00 + NoICE + sdld,  page 12.
Hexadecimal  [32-Bits]

Area                                    Addr        Size        Decimal Bytes (Attributes)
--------------------------------        ----        ----        ------- ----- ------------
_GSINIT                             00007489    0000000F =          15. bytes (REL,CON)

      Value  Global                              Global Defined In Module
      -----  --------------------------------   ------------------------
     00007489  crt0_gsinit                        crt0

ASxxxx Linker V03.00 + NoICE + sdld,  page 13.
Hexadecimal  [32-Bits]

Area                                    Addr        Size        Decimal Bytes (Attributes)
--------------------------------        ----        ----        ------- ----- ------------
_GSFINAL                            00007498    00000001 =           1. bytes (REL,CON)

      Value  Global                              Global Defined In Module
      -----  --------------------------------   ------------------------
ASxxxx Linker V03.00 + NoICE + sdld,  page 14.
Hexadecimal  [32-Bits]

Area                                    Addr        Size        Decimal Bytes (Attributes)
--------------------------------        ----        ----        ------- ----- ------------
_DATA                               0000C000    000009C1 =        2497. bytes (REL,CON)

      Value  Global                              Global Defined In Module
      -----  --------------------------------   ------------------------
     0000C8CD  _PSGMusicStatus                    PSGlib
     0000C8CE  _PSGMusicStart                     PSGlib
     0000C8D0  _PSGMusicPointer                   PSGlib
     0000C8D2  _PSGMusicLoopPoint                 PSGlib
     0000C8D4  _PSGMusicSkipFrames                PSGlib
     0000C8D5  _PSGLoopFlag                       PSGlib
     0000C8D6  _PSGMusicLastLatch                 PSGlib
     0000C8D7  _PSGMusicVolumeAttenuation         PSGlib
     0000C8D8  _PSGMusicSubstringLen              PSGlib
     0000C8D9  _PSGMusicSubstringRetAddr          PSGlib
     0000C8DB  _PSGChan0Volume                    PSGlib
     0000C8DC  _PSGChan1Volume                    PSGlib
     0000C8DD  _PSGChan2Volume                    PSGlib
     0000C8DE  _PSGChan3Volume                    PSGlib
     0000C8DF  _PSGChan2LowTone                   PSGlib
     0000C8E0  _PSGChan2HighTone                  PSGlib
     0000C8E1  _PSGChan3LowTone                   PSGlib
     0000C8E2  _PSGChannel2SFX                    PSGlib
     0000C8E3  _PSGChannel3SFX                    PSGlib
     0000C8E4  _PSGSFXChan2Volume                 PSGlib
     0000C8E5  _PSGSFXChan3Volume                 PSGlib
     0000C8E6  _PSGSFXStatus                      PSGlib
     0000C8E7  _PSGSFXStart                       PSGlib
     0000C8E9  _PSGSFXPointer                     PSGlib
     0000C8EB  _PSGSFXLoopPoint                   PSGlib
     0000C8ED  _PSGSFXSkipFrames                  PSGlib
     0000C8EE  _PSGSFXLoopFlag                    PSGlib
     0000C8EF  _PSGSFXSubstringLen                PSGlib
     0000C8F0  _PSGSFXSubstringRetAddr            PSGlib
     0000C8F2  _VDPBlank                          SMSlib
     0000C8F3  _SMS_VDPFlags                      SMSlib
     0000C8F4  _PauseRequested                    SMSlib
     0000C8F5  _SMS_Port3EBIOSvalue               SMSlib
     0000C8F6  _SMS_theFrameInterruptHandler      SMSlib
     0000C8F8  _KeysStatus                        SMSlib
     0000C8FA  _PreviousKeysStatus                SMSlib
     0000C8FC  _SMS_theLineInterruptHandler       SMSlib
     0000C8FE  _SMS_TextRenderer_offset           SMSlib_textrenderer
     0000C900  _SpriteTableY                      SMSlib_sprite
     0000C940  _SpriteTableXN                     SMSlib_sprite
     0000C9C0  _SpriteNextFree                    SMSlib_sprite

ASxxxx Linker V03.00 + NoICE + sdld,  page 15.
Hexadecimal  [32-Bits]

Area                                    Addr        Size        Decimal Bytes (Attributes)
--------------------------------        ----        ----        ------- ----- ------------
_INITIALIZED                        0000C9C1    0000000F =          15. bytes (REL,CON)

      Value  Global                              Global Defined In Module
      -----  --------------------------------   ------------------------
     0000C9C1  _font_1bpp_size                    data
     0000C9CB  _VDPReg                            SMSlib
     0000C9CD  _spritesHeight                     SMSlib
     0000C9CE  _spritesWidth                      SMSlib
     0000C9CF  _spritesTileOffset                 SMSlib

ASxxxx Linker V03.00 + NoICE + sdld,  page 16.
Hexadecimal  [32-Bits]

Area                                    Addr        Size        Decimal Bytes (Attributes)
--------------------------------        ----        ----        ------- ----- ------------
_CABS0                              00000000    00000010 =          16. bytes (ABS,CON)

      Value  Global                              Global Defined In Module
      -----  --------------------------------   ------------------------
     00007FF0  ___SMS__SEGA_signature             pocket_platformer

ASxxxx Linker V03.00 + NoICE + sdld,  page 17.
Hexadecimal  [32-Bits]

Area                                    Addr        Size        Decimal Bytes (Attributes)
--------------------------------        ----        ----        ------- ----- ------------
_CABS1                              00000000    00000016 =          22. bytes (ABS,CON)

      Value  Global                              Global Defined In Module
      -----  --------------------------------   ------------------------
     00007FCA  ___SMS__SDSC_author                pocket_platformer

ASxxxx Linker V03.00 + NoICE + sdld,  page 18.
Hexadecimal  [32-Bits]

Area                                    Addr        Size        Decimal Bytes (Attributes)
--------------------------------        ----        ----        ------- ----- ------------
_CABS2                              00000000    0000001D =          29. bytes (ABS,CON)

      Value  Global                              Global Defined In Module
      -----  --------------------------------   ------------------------
     00007FAD  ___SMS__SDSC_name                  pocket_platformer

ASxxxx Linker V03.00 + NoICE + sdld,  page 19.
Hexadecimal  [32-Bits]

Area                                    Addr        Size        Decimal Bytes (Attributes)
--------------------------------        ----        ----        ------- ----- ------------
_CABS3                              00000000    00000034 =          52. bytes (ABS,CON)

      Value  Global                              Global Defined In Module
      -----  --------------------------------   ------------------------
     00007F79  ___SMS__SDSC_descr                 pocket_platformer

ASxxxx Linker V03.00 + NoICE + sdld,  page 20.
Hexadecimal  [32-Bits]

Area                                    Addr        Size        Decimal Bytes (Attributes)
--------------------------------        ----        ----        ------- ----- ------------
_CABS4                              00000000    00000010 =          16. bytes (ABS,CON)

      Value  Global                              Global Defined In Module
      -----  --------------------------------   ------------------------
     00007FE0  ___SMS__SDSC_signature             pocket_platformer

ASxxxx Linker V03.00 + NoICE + sdld,  page 21.

Files Linked                              [ module(s) ]

lib/crt0_sms.rel                          [ crt0 ]
data.rel                                  [ data ]
actor.rel                                 [ actor ]
pocket_platformer.rel                     [ pocket_platformer ]
lib/PSGlib.rel                            [ PSGlib ]


Libraries Linked                          [ object file ]

lib/SMSlib.lib                            [ SMSlib.rel ]
lib/SMSlib.lib                            [ SMSlib_load1bppTiles.rel ]
lib/SMSlib.lib                            [ SMSlib_VRAMmemset.rel ]
lib/SMSlib.lib                            [ SMSlib_paletteZero.rel ]
lib/SMSlib.lib                            [ SMSlib_textrenderer.rel ]
lib/SMSlib.lib                            [ SMSlib_sprite.rel ]
/usr/bin/../share/sdcc/lib/z80/z80.lib    [ mul.rel ]
lib/SMSlib.lib                            [ SMSlib_string.rel ]
/usr/bin/../share/sdcc/lib/z80/z80.lib    [ _divslong.rel ]
/usr/bin/../share/sdcc/lib/z80/z80.lib    [ _divulong.rel ]
/usr/bin/../share/sdcc/lib/z80/z80.lib    [ __sdcc_call_hl.rel ]
lib/SMSlib.lib                            [ SMSlib_deprecated.rel ]
lib/SMSlib.lib                            [ SMSlib_VRAMmemcpy.rel ]
/usr/bin/../share/sdcc/lib/z80/z80.lib    [ _mullong.rel ]
/usr/bin/../share/sdcc/lib/z80/z80.lib    [ modunsigned.rel ]
/usr/bin/../share/sdcc/lib/z80/z80.lib    [ divsigned.rel ]
/usr/bin/../share/sdcc/lib/z80/z80.lib    [ divunsigned.rel ]

ASxxxx Linker V03.00 + NoICE + sdld,  page 22.

User Base Address Definitions

_CODE = 0x0200
_DATA = 0xc000

