ASxxxx Linker V03.00 + NoICE + sdld,  page 1.
Hexadecimal  [32-Bits]

Area                                    Addr        Size        Decimal Bytes (Attributes)
--------------------------------        ----        ----        ------- ----- ------------
.  .ABS.                            00000000    00000000 =           0. bytes (ABS,CON)

      Value  Global                              Global Defined In Module
      -----  --------------------------------   ------------------------
     00000000  .__.ABS.                           _mullong
     00000000  l__BSEG                         
     00000000  l__BSS                          
     00000000  l__CABS                         
     00000000  l__DABS                         
     00000000  l__HEADER                       
     00000000  l__HEAP                         
     00000000  s__CABS                         
     00000000  s__CABS0                        
     00000000  s__CABS1                        
     00000000  s__CABS2                        
     00000000  s__CABS3                        
     00000000  s__CABS4                        
     00000000  s__DABS                         
     00000000  s__HEADER                       
     00000000  s__HEADER0                      
     00000000  s__HEADER1                      
     00000000  s__HEADER2                      
     00000000  s__HEADER3                      
     00000000  s__HEADER4                      
     00000001  l__GSFINAL                      
     00000007  l__INITIALIZED                  
     00000007  l__INITIALIZER                  
     00000008  l__HEADER0                      
     00000009  l__HEADER1                      
     0000000F  l__GSINIT                       
     00000010  l__CABS0                        
     00000010  l__CABS4                        
     00000016  l__CABS1                        
     0000001D  l__CABS2                        
     0000001F  l__HEADER2                      
     0000002B  l__HEADER3                      
     00000034  l__CABS3                        
     00000104  l__HEADER4                      
     000001F5  l__HOME                         
     00000200  s__CODE                         
     00000927  l__DATA                         
     000060FC  l__CODE                         
     000062FC  s__HOME                         
     000064F1  s__INITIALIZER                  
     000064F8  s__GSINIT                       
     00006507  s__GSFINAL                      
     00008000  _SMS_SRAM                          SMSlib_VRAMmemcpy
     0000C000  s__DATA                         
     0000C927  s__INITIALIZED                  
     0000C92E  s__BSEG                         
     0000C92E  s__BSS                          
     0000C92E  s__HEAP                         
     0000FFFC  _SRAM_bank_to_be_mapped_on_slot2   SMSlib_VRAMmemcpy
     0000FFFD  _ROM_bank_to_be_mapped_on_slot0    SMSlib_VRAMmemcpy
ASxxxx Linker V03.00 + NoICE + sdld,  page 2.
Hexadecimal  [32-Bits]

Area                                    Addr        Size        Decimal Bytes (Attributes)
--------------------------------        ----        ----        ------- ----- ------------
.  .ABS.                            00000000    00000000 =           0. bytes (ABS,CON)

      Value  Global                              Global Defined In Module
      -----  --------------------------------   ------------------------
     0000FFFE  _ROM_bank_to_be_mapped_on_slot1    SMSlib_VRAMmemcpy
     0000FFFF  _ROM_bank_to_be_mapped_on_slot2    SMSlib_VRAMmemcpy

ASxxxx Linker V03.00 + NoICE + sdld,  page 3.
Hexadecimal  [32-Bits]

Area                                    Addr        Size        Decimal Bytes (Attributes)
--------------------------------        ----        ----        ------- ----- ------------
_CODE                               00000200    000060FC =       24828. bytes (REL,CON)

      Value  Global                              Global Defined In Module
      -----  --------------------------------   ------------------------
     00000200  _font_1bpp                         data
     00000500  _draw_meta_sprite                  actor
     000005B2  _init_actor                        actor
     0000073B  _move_actor                        actor
     000009EC  _draw_actor                        actor
     00000AC6  _wait_frames                       actor
     00000AD1  _clear_sprites                     actor
     00005951  _main                              pocket_platformer
     000059F5  _PSGStop                           PSGlib
     00005A1C  _PSGResume                         PSGlib
     00005A68  _PSGPlay                           PSGlib
     00005A95  _PSGCancelLoop                     PSGlib
     00005A9B  _PSGPlayNoRepeat                   PSGlib
     00005AAA  _PSGGetStatus                      PSGlib
     00005AB2  _PSGSilenceChannels                PSGlib
     00005AC3  _PSGRestoreVolumes                 PSGlib
     00005BC2  _PSGSetMusicVolumeAttenuation      PSGlib
     00005CB1  _PSGSFXStop                        PSGlib
     00005D7B  _PSGSFXPlay                        PSGlib
     00005DC8  _PSGSFXCancelLoop                  PSGlib
     00005DCE  _PSGSFXGetStatus                   PSGlib
     00005DD6  _PSGSFXPlayLoop                    PSGlib
     00005DF7  _PSGFrame                          PSGlib
     00005F10  _PSGSFXFrame                       PSGlib
     00005F96  _SMS_init                          SMSlib
     00005FC8  _VDPReg_init                       SMSlib
     00005FD3  _SMS_VDPturnOnFeature              SMSlib
     00005FE8  _SMS_VDPturnOffFeature             SMSlib
     00006000  _SMS_setBGScrollX                  SMSlib
     0000600A  _SMS_setBGScrollY                  SMSlib
     00006014  _SMS_setBackdropColor              SMSlib
     0000601E  _SMS_useFirstHalfTilesforSprites   SMSlib
     00006034  _SMS_setSpriteMode                 SMSlib
     00006081  _SMS_setBGPaletteColor             SMSlib
     0000608E  _SMS_setSpritePaletteColor         SMSlib
     0000609B  _SMS_loadBGPalette                 SMSlib
     000060AF  _SMS_loadSpritePalette             SMSlib
     000060C3  _SMS_setColor                      SMSlib
     000060C7  _SMS_waitForVBlank                 SMSlib
     000060D4  _SMS_getKeysStatus                 SMSlib
     000060D9  _SMS_getKeysPressed                SMSlib
     000060EE  _SMS_getKeysHeld                   SMSlib
     00006101  _SMS_getKeysReleased               SMSlib
     0000611A  _SMS_queryPauseRequested           SMSlib
     0000611E  _SMS_resetPauseRequest             SMSlib
     00006124  _SMS_setFrameInterruptHandler      SMSlib
     00006128  _SMS_setLineInterruptHandler       SMSlib
     0000612C  _SMS_setLineCounter                SMSlib
     00006136  _SMS_getVCount                     SMSlib
     00006140  _SMS_isr                           SMSlib
ASxxxx Linker V03.00 + NoICE + sdld,  page 4.
Hexadecimal  [32-Bits]

Area                                    Addr        Size        Decimal Bytes (Attributes)
--------------------------------        ----        ----        ------- ----- ------------
_CODE                               00000200    000060FC =       24828. bytes (REL,CON)

      Value  Global                              Global Defined In Module
      -----  --------------------------------   ------------------------
     0000617F  _SMS_nmi_isr                       SMSlib
     00006188  _SMS_load1bppTiles                 SMSlib_load1bppTiles
     000061EA  _SMS_VRAMmemset_f                  SMSlib_VRAMmemset
     00006206  _SMS_VRAMmemsetW                   SMSlib_VRAMmemset
     00006219  _SMS_zeroBGPalette                 SMSlib_paletteZero
     0000622D  _SMS_zeroSpritePalette             SMSlib_paletteZero
     00006241  _SMS_configureTextRenderer         SMSlib_textrenderer
     00006245  _putchar                           SMSlib_textrenderer
     0000624D  _SMS_initSprites                   SMSlib_sprite
     00006253  _SMS_addSprite_f                   SMSlib_sprite
     0000627E  _SMS_copySpritestoSAT              SMSlib_sprite
     000062B2  __mulint                           
     000062B4  __mul16                            
     000062C9  _SMS_putchar                       SMSlib_string
     000062D3  _SMS_print                         SMSlib_string
     000062E3  ___sdcc_call_hl                    
     000062E4  _SMS_finalizeSprites               SMSlib_deprecated
     000062E5  _SMS_VRAMmemcpy                    SMSlib_VRAMmemcpy

ASxxxx Linker V03.00 + NoICE + sdld,  page 5.
Hexadecimal  [32-Bits]

Area                                    Addr        Size        Decimal Bytes (Attributes)
--------------------------------        ----        ----        ------- ----- ------------
_HEADER0                            00000000    00000008 =           8. bytes (ABS,CON)

      Value  Global                              Global Defined In Module
      -----  --------------------------------   ------------------------
ASxxxx Linker V03.00 + NoICE + sdld,  page 6.
Hexadecimal  [32-Bits]

Area                                    Addr        Size        Decimal Bytes (Attributes)
--------------------------------        ----        ----        ------- ----- ------------
_HEADER1                            00000000    00000009 =           9. bytes (ABS,CON)

      Value  Global                              Global Defined In Module
      -----  --------------------------------   ------------------------
     00000008  _SMS_crt0_RST08                    crt0

ASxxxx Linker V03.00 + NoICE + sdld,  page 7.
Hexadecimal  [32-Bits]

Area                                    Addr        Size        Decimal Bytes (Attributes)
--------------------------------        ----        ----        ------- ----- ------------
_HEADER2                            00000000    0000001F =          31. bytes (ABS,CON)

      Value  Global                              Global Defined In Module
      -----  --------------------------------   ------------------------
     00000018  _SMS_crt0_RST18                    crt0
     0000002F  get_bank                           crt0
     00000033  set_bank                           crt0
ASxxxx Linker V03.00 + NoICE + sdld,  page 8.
Hexadecimal  [32-Bits]

Area                                    Addr        Size        Decimal Bytes (Attributes)
--------------------------------        ----        ----        ------- ----- ------------
_HEADER3                            00000000    0000002B =          43. bytes (ABS,CON)

      Value  Global                              Global Defined In Module
      -----  --------------------------------   ------------------------
ASxxxx Linker V03.00 + NoICE + sdld,  page 9.
Hexadecimal  [32-Bits]

Area                                    Addr        Size        Decimal Bytes (Attributes)
--------------------------------        ----        ----        ------- ----- ------------
_HEADER4                            00000000    00000104 =         260. bytes (ABS,CON)

      Value  Global                              Global Defined In Module
      -----  --------------------------------   ------------------------
     00000069  _OUTI128                           crt0
     000000A9  _OUTI96                            crt0
     000000E9  _OUTI64                            crt0
     00000129  _OUTI32                            crt0
     00000169  _outi_block                        crt0

ASxxxx Linker V03.00 + NoICE + sdld,  page 10.
Hexadecimal  [32-Bits]

Area                                    Addr        Size        Decimal Bytes (Attributes)
--------------------------------        ----        ----        ------- ----- ------------
_HOME                               000062FC    000001F5 =         501. bytes (REL,CON)

      Value  Global                              Global Defined In Module
      -----  --------------------------------   ------------------------
     000062FC  __divslong                         _divslong
     0000638C  __divulong                         _divulong
     00006406  __mullong                          _mullong
ASxxxx Linker V03.00 + NoICE + sdld,  page 11.
Hexadecimal  [32-Bits]

Area                                    Addr        Size        Decimal Bytes (Attributes)
--------------------------------        ----        ----        ------- ----- ------------
_INITIALIZER                        000064F1    00000007 =           7. bytes (REL,CON)

      Value  Global                              Global Defined In Module
      -----  --------------------------------   ------------------------
ASxxxx Linker V03.00 + NoICE + sdld,  page 12.
Hexadecimal  [32-Bits]

Area                                    Addr        Size        Decimal Bytes (Attributes)
--------------------------------        ----        ----        ------- ----- ------------
_GSINIT                             000064F8    0000000F =          15. bytes (REL,CON)

      Value  Global                              Global Defined In Module
      -----  --------------------------------   ------------------------
     000064F8  crt0_gsinit                        crt0

ASxxxx Linker V03.00 + NoICE + sdld,  page 13.
Hexadecimal  [32-Bits]

Area                                    Addr        Size        Decimal Bytes (Attributes)
--------------------------------        ----        ----        ------- ----- ------------
_GSFINAL                            00006507    00000001 =           1. bytes (REL,CON)

      Value  Global                              Global Defined In Module
      -----  --------------------------------   ------------------------
ASxxxx Linker V03.00 + NoICE + sdld,  page 14.
Hexadecimal  [32-Bits]

Area                                    Addr        Size        Decimal Bytes (Attributes)
--------------------------------        ----        ----        ------- ----- ------------
_DATA                               0000C000    00000927 =        2343. bytes (REL,CON)

      Value  Global                              Global Defined In Module
      -----  --------------------------------   ------------------------
     0000C833  _PSGMusicStatus                    PSGlib
     0000C834  _PSGMusicStart                     PSGlib
     0000C836  _PSGMusicPointer                   PSGlib
     0000C838  _PSGMusicLoopPoint                 PSGlib
     0000C83A  _PSGMusicSkipFrames                PSGlib
     0000C83B  _PSGLoopFlag                       PSGlib
     0000C83C  _PSGMusicLastLatch                 PSGlib
     0000C83D  _PSGMusicVolumeAttenuation         PSGlib
     0000C83E  _PSGMusicSubstringLen              PSGlib
     0000C83F  _PSGMusicSubstringRetAddr          PSGlib
     0000C841  _PSGChan0Volume                    PSGlib
     0000C842  _PSGChan1Volume                    PSGlib
     0000C843  _PSGChan2Volume                    PSGlib
     0000C844  _PSGChan3Volume                    PSGlib
     0000C845  _PSGChan2LowTone                   PSGlib
     0000C846  _PSGChan2HighTone                  PSGlib
     0000C847  _PSGChan3LowTone                   PSGlib
     0000C848  _PSGChannel2SFX                    PSGlib
     0000C849  _PSGChannel3SFX                    PSGlib
     0000C84A  _PSGSFXChan2Volume                 PSGlib
     0000C84B  _PSGSFXChan3Volume                 PSGlib
     0000C84C  _PSGSFXStatus                      PSGlib
     0000C84D  _PSGSFXStart                       PSGlib
     0000C84F  _PSGSFXPointer                     PSGlib
     0000C851  _PSGSFXLoopPoint                   PSGlib
     0000C853  _PSGSFXSkipFrames                  PSGlib
     0000C854  _PSGSFXLoopFlag                    PSGlib
     0000C855  _PSGSFXSubstringLen                PSGlib
     0000C856  _PSGSFXSubstringRetAddr            PSGlib
     0000C858  _VDPBlank                          SMSlib
     0000C859  _SMS_VDPFlags                      SMSlib
     0000C85A  _PauseRequested                    SMSlib
     0000C85B  _SMS_Port3EBIOSvalue               SMSlib
     0000C85C  _SMS_theFrameInterruptHandler      SMSlib
     0000C85E  _KeysStatus                        SMSlib
     0000C860  _PreviousKeysStatus                SMSlib
     0000C862  _SMS_theLineInterruptHandler       SMSlib
     0000C864  _SMS_TextRenderer_offset           SMSlib_textrenderer
     0000C866  _SpriteTableY                      SMSlib_sprite
     0000C8A6  _SpriteTableXN                     SMSlib_sprite
     0000C926  _SpriteNextFree                    SMSlib_sprite

ASxxxx Linker V03.00 + NoICE + sdld,  page 15.
Hexadecimal  [32-Bits]

Area                                    Addr        Size        Decimal Bytes (Attributes)
--------------------------------        ----        ----        ------- ----- ------------
_INITIALIZED                        0000C927    00000007 =           7. bytes (REL,CON)

      Value  Global                              Global Defined In Module
      -----  --------------------------------   ------------------------
     0000C927  _font_1bpp_size                    data
     0000C929  _VDPReg                            SMSlib
     0000C92B  _spritesHeight                     SMSlib
     0000C92C  _spritesWidth                      SMSlib
     0000C92D  _spritesTileOffset                 SMSlib

ASxxxx Linker V03.00 + NoICE + sdld,  page 16.
Hexadecimal  [32-Bits]

Area                                    Addr        Size        Decimal Bytes (Attributes)
--------------------------------        ----        ----        ------- ----- ------------
_CABS0                              00000000    00000010 =          16. bytes (ABS,CON)

      Value  Global                              Global Defined In Module
      -----  --------------------------------   ------------------------
     00007FF0  ___SMS__SEGA_signature             pocket_platformer

ASxxxx Linker V03.00 + NoICE + sdld,  page 17.
Hexadecimal  [32-Bits]

Area                                    Addr        Size        Decimal Bytes (Attributes)
--------------------------------        ----        ----        ------- ----- ------------
_CABS1                              00000000    00000016 =          22. bytes (ABS,CON)

      Value  Global                              Global Defined In Module
      -----  --------------------------------   ------------------------
     00007FCA  ___SMS__SDSC_author                pocket_platformer

ASxxxx Linker V03.00 + NoICE + sdld,  page 18.
Hexadecimal  [32-Bits]

Area                                    Addr        Size        Decimal Bytes (Attributes)
--------------------------------        ----        ----        ------- ----- ------------
_CABS2                              00000000    0000001D =          29. bytes (ABS,CON)

      Value  Global                              Global Defined In Module
      -----  --------------------------------   ------------------------
     00007FAD  ___SMS__SDSC_name                  pocket_platformer

ASxxxx Linker V03.00 + NoICE + sdld,  page 19.
Hexadecimal  [32-Bits]

Area                                    Addr        Size        Decimal Bytes (Attributes)
--------------------------------        ----        ----        ------- ----- ------------
_CABS3                              00000000    00000034 =          52. bytes (ABS,CON)

      Value  Global                              Global Defined In Module
      -----  --------------------------------   ------------------------
     00007F79  ___SMS__SDSC_descr                 pocket_platformer

ASxxxx Linker V03.00 + NoICE + sdld,  page 20.
Hexadecimal  [32-Bits]

Area                                    Addr        Size        Decimal Bytes (Attributes)
--------------------------------        ----        ----        ------- ----- ------------
_CABS4                              00000000    00000010 =          16. bytes (ABS,CON)

      Value  Global                              Global Defined In Module
      -----  --------------------------------   ------------------------
     00007FE0  ___SMS__SDSC_signature             pocket_platformer

ASxxxx Linker V03.00 + NoICE + sdld,  page 21.

Files Linked                              [ module(s) ]

lib/crt0_sms.rel                          [ crt0 ]
data.rel                                  [ data ]
actor.rel                                 [ actor ]
pocket_platformer.rel                     [ pocket_platformer ]
lib/PSGlib.rel                            [ PSGlib ]


Libraries Linked                          [ object file ]

lib/SMSlib.lib                            [ SMSlib.rel ]
lib/SMSlib.lib                            [ SMSlib_load1bppTiles.rel ]
lib/SMSlib.lib                            [ SMSlib_VRAMmemset.rel ]
lib/SMSlib.lib                            [ SMSlib_paletteZero.rel ]
lib/SMSlib.lib                            [ SMSlib_textrenderer.rel ]
lib/SMSlib.lib                            [ SMSlib_sprite.rel ]
/usr/bin/../share/sdcc/lib/z80/z80.lib    [ mul.rel ]
lib/SMSlib.lib                            [ SMSlib_string.rel ]
/usr/bin/../share/sdcc/lib/z80/z80.lib    [ _divslong.rel ]
/usr/bin/../share/sdcc/lib/z80/z80.lib    [ _divulong.rel ]
/usr/bin/../share/sdcc/lib/z80/z80.lib    [ __sdcc_call_hl.rel ]
lib/SMSlib.lib                            [ SMSlib_deprecated.rel ]
lib/SMSlib.lib                            [ SMSlib_VRAMmemcpy.rel ]
/usr/bin/../share/sdcc/lib/z80/z80.lib    [ _mullong.rel ]

ASxxxx Linker V03.00 + NoICE + sdld,  page 22.

User Base Address Definitions

_CODE = 0x0200
_DATA = 0xc000

